.\gradlew.bat : WARNING: A restricted method in java.lang.System has been 
called
En línea: 1 Carácter: 1
+ .\gradlew.bat compileJava --console=plain > compile.log 2>&1 ; Get-Co ...
+ ~~~~~~~~~~~~~~~~~~~~~~~~~~~~~~~~~~~~~~~~~~~~~~~~~~~~~~~~~~~~
    + CategoryInfo          : NotSpecified: (WARNING: A rest...has been called 
   :String) [], RemoteException
    + FullyQualifiedErrorId : NativeCommandError
 
WARNING: java.lang.System::load has been called by 
net.rubygrapefruit.platform.internal.NativeLibraryLoader in an unnamed module (
file:/C:/Users/marmo/.gradle/wrapper/dists/gradle-9.2.1-bin/2t0n5ozlw9xmuyvbp7d
nzaxug/gradle-9.2.1/lib/native-platform-0.22-milestone-29.jar)
WARNING: Use --enable-native-access=ALL-UNNAMED to avoid a warning for callers 
in this module
WARNING: Restricted methods will be blocked in a future release unless native 
access is enabled


> Configure project :
Failed to read from buildscript.properties, as it did not exist!Build script update available! Run 'gradle updateBuildScript'

> Task :compileInjectedInterfacesJava NO-SOURCE
> Task :extractDependencyATs UP-TO-DATE
> Task :generateForgeSrgMappings SKIPPED
> Task :downloadVanillaJars SKIPPED
> Task :mergeVanillaSidedJars SKIPPED
> Task :deobfuscateMergedJarToSrg SKIPPED
> Task :downloadFernflower SKIPPED
> Task :decompileSrgJar SKIPPED
> Task :cleanupDecompSrgJar SKIPPED
> Task :patchDecompiledJar SKIPPED
> Task :applyJST SKIPPED
> Task :remapDecompiledJar SKIPPED
> Task :decompressDecompiledSources UP-TO-DATE
> Task :processInjectedInterfacesResources NO-SOURCE
> Task :injectedInterfacesClasses UP-TO-DATE
> Task :compilePatchedMcJava UP-TO-DATE
> Task :processPatchedMcResources UP-TO-DATE
> Task :patchedMcClasses UP-TO-DATE
> Task :compileApiJava NO-SOURCE
> Task :processApiResources NO-SOURCE
> Task :apiClasses UP-TO-DATE
> Task :injectTags UP-TO-DATE
> Task :compileInjectedTagsJava UP-TO-DATE
> Task :extractNatives2 UP-TO-DATE
> Task :createMcLauncherFiles UP-TO-DATE
> Task :compileMcLauncherJava UP-TO-DATE
> Task :processInjectedTagsResources NO-SOURCE
> Task :injectedTagsClasses UP-TO-DATE
> Task :processMcLauncherResources NO-SOURCE
> Task :mcLauncherClasses UP-TO-DATE

> Task :compileJava
C:\Users\marmo\Documents\GitHub\McHeliCE\src\main\java\com\norwood\mcheli\MCH_E
xplosion.java:153: error: method newExplosionInWater(World,Entity,Entity,double
,double,double,float,float,float,boolean,boolean,boolean,boolean,int) is 
already defined in class MCH_Explosion
    public static MCH_Explosion.ExplosionResult newExplosionInWater(
                                                ^
C:\Users\marmo\Documents\GitHub\McHeliCE\src\main\java\com\norwood\mcheli\aircr
aft\MCH_EntityAircraft.java:329: error: cannot find symbol
        this.setCurrentThrottle(0.0);
            ^
  symbol: method setCurrentThrottle(double)
C:\Users\marmo\Documents\GitHub\McHeliCE\src\main\java\com\norwood\mcheli\aircr
aft\MCH_EntityAircraft.java:334: error: cannot find symbol
        this.setCommonUniqueId("");
            ^
  symbol: method setCommonUniqueId(String)
C:\Users\marmo\Documents\GitHub\McHeliCE\src\main\java\com\norwood\mcheli\aircr
aft\MCH_EntityAircraft.java:348: error: cannot find symbol
        this.setTowChainEntity(null);
            ^
  symbol: method setTowChainEntity(<null>)
C:\Users\marmo\Documents\GitHub\McHeliCE\src\main\java\com\norwood\mcheli\aircr
aft\MCH_EntityAircraft.java:355: error: cannot find symbol
        this.setDespawnCount(0);
            ^
  symbol: method setDespawnCount(int)
C:\Users\marmo\Documents\GitHub\McHeliCE\src\main\java\com\norwood\mcheli\aircr
aft\MCH_EntityAircraft.java:706: error: cannot find symbol
        if (!this.world.isRemote && getAcInfo() != null && 
getInventory().getSlots() > 0) {
                                                           ^
  symbol:   method getInventory()
  location: class MCH_EntityAircraft
C:\Users\marmo\Documents\GitHub\McHeliCE\src\main\java\com\norwood\mcheli\aircr
aft\MCH_EntityAircraft.java:829: error: cannot find symbol
            this.setDespawnCount(20 * MCH_Config.DespawnCount.prmInt / 10);
                ^
  symbol: method setDespawnCount(int)
C:\Users\marmo\Documents\GitHub\McHeliCE\src\main\java\com\norwood\mcheli\aircr
aft\MCH_EntityAircraft.java:831: error: cannot find symbol
            this.setDespawnCount(20 * MCH_Config.DespawnCount.prmInt);
                ^
  symbol: method setDespawnCount(int)
C:\Users\marmo\Documents\GitHub\McHeliCE\src\main\java\com\norwood\mcheli\aircr
aft\MCH_EntityAircraft.java:872: error: cannot find symbol
        return this.getDespawnCount() > 0;
                   ^
  symbol: method getDespawnCount()
C:\Users\marmo\Documents\GitHub\McHeliCE\src\main\java\com\norwood\mcheli\aircr
aft\MCH_EntityAircraft.java:907: error: cannot find symbol
                    if (this.getCountOnUpdate() % 2 == 0) {
                            ^
  symbol: method getCountOnUpdate()
C:\Users\marmo\Documents\GitHub\McHeliCE\src\main\java\com\norwood\mcheli\aircr
aft\MCH_EntityAircraft.java:931: error: cannot find symbol
            if (sid == 0 && this.canSwitchCameraPos() && this.getCameraId() > 
0 && this.getCameraId() < this.getAcInfo().cameraPosition.size()) {
                                                             ^
  symbol: method getCameraId()
C:\Users\marmo\Documents\GitHub\McHeliCE\src\main\java\com\norwood\mcheli\aircr
aft\MCH_EntityAircraft.java:931: error: cannot find symbol
            if (sid == 0 && this.canSwitchCameraPos() && this.getCameraId() > 
0 && this.getCameraId() < this.getAcInfo().cameraPosition.size()) {
                                                                               
        ^
  symbol: method getCameraId()
C:\Users\marmo\Documents\GitHub\McHeliCE\src\main\java\com\norwood\mcheli\aircr
aft\MCH_EntityAircraft.java:932: error: cannot find symbol
                return this.getAcInfo().cameraPosition.get(this.getCameraId());
                                                               ^
  symbol: method getCameraId()
C:\Users\marmo\Documents\GitHub\McHeliCE\src\main\java\com\norwood\mcheli\aircr
aft\MCH_EntityAircraft.java:994: error: cannot find symbol
        this.setDespawnCount(nbt.getInteger("AcDespawnCount"));
            ^
  symbol: method setDespawnCount(int)
C:\Users\marmo\Documents\GitHub\McHeliCE\src\main\java\com\norwood\mcheli\aircr
aft\MCH_EntityAircraft.java:996: error: cannot find symbol
        this.setCommonUniqueId(nbt.getString("AircraftUniqueId"));
            ^
  symbol: method setCommonUniqueId(String)
C:\Users\marmo\Documents\GitHub\McHeliCE\src\main\java\com\norwood\mcheli\aircr
aft\MCH_EntityAircraft.java:1016: error: cannot find symbol
        if (this.getDespawnCount() > 0) {
                ^
  symbol: method getDespawnCount()
C:\Users\marmo\Documents\GitHub\McHeliCE\src\main\java\com\norwood\mcheli\aircr
aft\MCH_EntityAircraft.java:1040: error: cannot find symbol
        nbt.setString("AircraftUniqueId", this.getCommonUniqueId());
                                              ^
  symbol: method getCommonUniqueId()
C:\Users\marmo\Documents\GitHub\McHeliCE\src\main\java\com\norwood\mcheli\aircr
aft\MCH_EntityAircraft.java:1045: error: cannot find symbol
        nbt.setInteger("AcDespawnCount", this.getDespawnCount());
                                             ^
  symbol: method getDespawnCount()
C:\Users\marmo\Documents\GitHub\McHeliCE\src\main\java\com\norwood\mcheli\aircr
aft\MCH_EntityAircraft.java:1048: error: cannot find symbol
        nbt.setFloat("AcLastRYaw", this.getLastRiderYaw());
                                       ^
  symbol: method getLastRiderYaw()
C:\Users\marmo\Documents\GitHub\McHeliCE\src\main\java\com\norwood\mcheli\aircr
aft\MCH_EntityAircraft.java:1049: error: cannot find symbol
        nbt.setFloat("AcLastRPitch", this.getLastRiderPitch());
                                         ^
  symbol: method getLastRiderPitch()
C:\Users\marmo\Documents\GitHub\McHeliCE\src\main\java\com\norwood\mcheli\aircr
aft\MCH_EntityAircraft.java:1062: error: cannot find symbol
            wa_list[i] = this.getWeapon(i).getRestAllAmmoNum() + 
this.getWeapon(i).getAmmo();
                                                                               
   ^
  symbol:   method getAmmo()
  location: class MCH_WeaponSet
C:\Users\marmo\Documents\GitHub\McHeliCE\src\main\java\com\norwood\mcheli\aircr
aft\MCH_EntityAircraft.java:1364: error: cannot find symbol
            pilot.rotationYaw = this.getLastRiderYaw();
                                    ^
  symbol: method getLastRiderYaw()
C:\Users\marmo\Documents\GitHub\McHeliCE\src\main\java\com\norwood\mcheli\aircr
aft\MCH_EntityAircraft.java:1365: error: cannot find symbol
            pilot.rotationPitch = this.getLastRiderPitch();
                                      ^
  symbol: method getLastRiderPitch()
C:\Users\marmo\Documents\GitHub\McHeliCE\src\main\java\com\norwood\mcheli\aircr
aft\MCH_EntityAircraft.java:1375: error: cannot find symbol
        this.setCurrentThrottle(this.getCurrentThrottle() + throttle);
                                    ^
  symbol: method getCurrentThrottle()
C:\Users\marmo\Documents\GitHub\McHeliCE\src\main\java\com\norwood\mcheli\aircr
aft\MCH_EntityAircraft.java:1386: error: cannot find symbol
            return this.getCountOnUpdate() >= 30 && MCH_Lib.getBlockIdY(this, 
3, -2) == 0;
                       ^
  symbol: method getCountOnUpdate()
C:\Users\marmo\Documents\GitHub\McHeliCE\src\main\java\com\norwood\mcheli\aircr
aft\MCH_EntityAircraft.java:1391: error: cannot find symbol
        return this.getCountOnUpdate() >= 30 && MCH_Lib.getBlockIdY(this, 3, 
-2) == 0;
                   ^
  symbol: method getCountOnUpdate()
C:\Users\marmo\Documents\GitHub\McHeliCE\src\main\java\com\norwood\mcheli\aircr
aft\MCH_EntityAircraft.java:1398: error: cannot find symbol
            return this.getCountOnUpdate() >= 30 && MCH_Lib.getBlockIdY(this, 
3, -2) == 0;
                       ^
  symbol: method getCountOnUpdate()
C:\Users\marmo\Documents\GitHub\McHeliCE\src\main\java\com\norwood\mcheli\aircr
aft\MCH_EntityAircraft.java:1750: error: cannot find symbol
        if (this.getCountOnUpdate() < 2) {
                ^
  symbol: method getCountOnUpdate()
C:\Users\marmo\Documents\GitHub\McHeliCE\src\main\java\com\norwood\mcheli\aircr
aft\MCH_EntityAircraft.java:1754: error: cannot find symbol
        this.prevCurrentThrottle = this.getCurrentThrottle();
                                       ^
  symbol: method getCurrentThrottle()
C:\Users\marmo\Documents\GitHub\McHeliCE\src\main\java\com\norwood\mcheli\aircr
aft\MCH_EntityAircraft.java:1779: error: cannot find symbol
        if (this.isDestroyed() && this.getCountOnUpdate() % 20 == 0) {
                                      ^
  symbol: method getCountOnUpdate()
C:\Users\marmo\Documents\GitHub\McHeliCE\src\main\java\com\norwood\mcheli\aircr
aft\MCH_EntityAircraft.java:1803: error: cannot find symbol
        if (!this.world.isRemote && this.isTargetDrone() && 
!this.isDestroyed() && this.getCountOnUpdate() > 20 && !this.canUseFuel()) {
                                                                               
        ^
  symbol: method getCountOnUpdate()
C:\Users\marmo\Documents\GitHub\McHeliCE\src\main\java\com\norwood\mcheli\aircr
aft\MCH_EntityAircraft.java:1810: error: cannot find symbol
        if (this.world.isRemote && this.getAcInfo() != null && this.getHP() <= 
0 && this.getDespawnCount() <= 0) {
                                                                               
         ^
  symbol: method getDespawnCount()
C:\Users\marmo\Documents\GitHub\McHeliCE\src\main\java\com\norwood\mcheli\aircr
aft\MCH_EntityAircraft.java:1815: error: cannot find symbol
        if (!this.world.isRemote && this.getDespawnCount() > 0) {
                                        ^
  symbol: method getDespawnCount()
C:\Users\marmo\Documents\GitHub\McHeliCE\src\main\java\com\norwood\mcheli\aircr
aft\MCH_EntityAircraft.java:1816: error: cannot find symbol
            this.setDespawnCount(this.getDespawnCount() - 1);
                                     ^
  symbol: method getDespawnCount()
C:\Users\marmo\Documents\GitHub\McHeliCE\src\main\java\com\norwood\mcheli\aircr
aft\MCH_EntityAircraft.java:1817: error: cannot find symbol
            if (this.getDespawnCount() <= 1) {
                    ^
  symbol: method getDespawnCount()
C:\Users\marmo\Documents\GitHub\McHeliCE\src\main\java\com\norwood\mcheli\aircr
aft\MCH_EntityAircraft.java:1876: error: cannot find symbol
            this.setTowChainEntity(null);
                ^
  symbol: method setTowChainEntity(<null>)
C:\Users\marmo\Documents\GitHub\McHeliCE\src\main\java\com\norwood\mcheli\aircr
aft\MCH_EntityAircraft.java:1996: error: cannot find symbol
            if (this.getCountOnUpdate() % 10 == 0) {
                    ^
  symbol: method getCountOnUpdate()
C:\Users\marmo\Documents\GitHub\McHeliCE\src\main\java\com\norwood\mcheli\aircr
aft\MCH_EntityAircraft.java:2101: error: cannot find symbol
            AxisAlignedBB box = bb.getBoundingBox();
                                  ^
  symbol:   method getBoundingBox()
  location: variable bb of type MCH_BoundingBox
C:\Users\marmo\Documents\GitHub\McHeliCE\src\main\java\com\norwood\mcheli\aircr
aft\MCH_EntityAircraft.java:2152: error: cannot find symbol
            AxisAlignedBB currentBox = bb.getBoundingBox();
                                         ^
  symbol:   method getBoundingBox()
  location: variable bb of type MCH_BoundingBox
C:\Users\marmo\Documents\GitHub\McHeliCE\src\main\java\com\norwood\mcheli\aircr
aft\MCH_EntityAircraft.java:2272: error: cannot find symbol
            AxisAlignedBB box = this.extraBoundingBox[i].getBoundingBox();
                                                        ^
  symbol:   method getBoundingBox()
  location: class MCH_BoundingBox
C:\Users\marmo\Documents\GitHub\McHeliCE\src\main\java\com\norwood\mcheli\aircr
aft\MCH_EntityAircraft.java:2293: error: cannot find symbol
            collisionBoxes[i] = this.extraBoundingBox[i].getBoundingBox();
                                                        ^
  symbol:   method getBoundingBox()
  location: class MCH_BoundingBox
C:\Users\marmo\Documents\GitHub\McHeliCE\src\main\java\com\norwood\mcheli\aircr
aft\MCH_EntityAircraft.java:2309: error: cannot find symbol
        double throttle = getCurrentThrottle();
                          ^
  symbol:   method getCurrentThrottle()
  location: class MCH_EntityAircraft
C:\Users\marmo\Documents\GitHub\McHeliCE\src\main\java\com\norwood\mcheli\aircr
aft\MCH_EntityAircraft.java:2352: error: cannot find symbol
        double throttle = getCurrentThrottle();
                          ^
  symbol:   method getCurrentThrottle()
  location: class MCH_EntityAircraft
C:\Users\marmo\Documents\GitHub\McHeliCE\src\main\java\com\norwood\mcheli\aircr
aft\MCH_EntityAircraft.java:2515: error: cannot find symbol
                    if (this.getCountOnUpdate() % hook.interval() == 0) {
                            ^
  symbol: method getCountOnUpdate()
C:\Users\marmo\Documents\GitHub\McHeliCE\src\main\java\com\norwood\mcheli\aircr
aft\MCH_EntityAircraft.java:2554: error: cannot find symbol
                } else if ((!this.haveHatch() || this.getHatchRotation() > 
89.0F) && this.getCountOnUpdate() % this.getAcInfo().mobDropOption.interval == 
0 && !this.unmountCrew(true)) {
                                                                               
          ^
  symbol: method getCountOnUpdate()
C:\Users\marmo\Documents\GitHub\McHeliCE\src\main\java\com\norwood\mcheli\aircr
aft\MCH_EntityAircraft.java:2658: error: cannot find symbol
        if (!this.world.isRemote && this.waitMountEntity == 0 && 
this.getCountOnUpdate() > 20 && this.canMountWithNearEmptyMinecart()) {
                                                                     ^
  symbol: method getCountOnUpdate()
C:\Users\marmo\Documents\GitHub\McHeliCE\src\main\java\com\norwood\mcheli\aircr
aft\MCH_EntityAircraft.java:2693: error: cannot find symbol
            } else if (this.getCurrentThrottle() > 0.8) {
                           ^
  symbol: method getCurrentThrottle()
C:\Users\marmo\Documents\GitHub\McHeliCE\src\main\java\com\norwood\mcheli\aircr
aft\MCH_EntityAircraft.java:2740: error: cannot find symbol
            if (this.getCountOnUpdate() % 30 == 0 && (this.getAcInfo() == null 
|| !this.getAcInfo().isFloat) && MCH_Lib.isBlockInWater(this.world, (int) 
(this.posX + 0.5), (int) (this.posY + 1.5 + 
this.getAcInfo().submergedDamageHeight), (int) (this.posZ + 0.5))) {
                    ^
  symbol: method getCountOnUpdate()
C:\Users\marmo\Documents\GitHub\McHeliCE\src\main\java\com\norwood\mcheli\aircr
aft\MCH_EntityAircraft.java:2814: error: cannot find symbol
            if (!this.world.isRemote && this.getCountOnUpdate() % 20 == 0) {
                                            ^
  symbol: method getCountOnUpdate()
C:\Users\marmo\Documents\GitHub\McHeliCE\src\main\java\com\norwood\mcheli\aircr
aft\MCH_EntityAircraft.java:2953: error: cannot find symbol
        if (this.world.isRemote || this.getCountOnUpdate() % 10 != 0) return;
                                       ^
  symbol: method getCountOnUpdate()
C:\Users\marmo\Documents\GitHub\McHeliCE\src\main\java\com\norwood\mcheli\aircr
aft\MCH_EntityAircraft.java:3009: error: cannot find symbol
        if (getCountOnUpdate() % 20 == 0 && getFuel() > 1 && getThrottle() > 
0.0 && fuelSuppliedCount <= 0) {
            ^
  symbol:   method getCountOnUpdate()
  location: class MCH_EntityAircraft
C:\Users\marmo\Documents\GitHub\McHeliCE\src\main\java\com\norwood\mcheli\aircr
aft\MCH_EntityAircraft.java:3027: error: cannot find symbol
        if (canSupply() && getCountOnUpdate() % 10 == 0 && currentFuel < 
maxFuel) {
                           ^
  symbol:   method getCountOnUpdate()
  location: class MCH_EntityAircraft
C:\Users\marmo\Documents\GitHub\McHeliCE\src\main\java\com\norwood\mcheli\aircr
aft\MCH_EntityAircraft.java:3195: error: cannot find symbol
            if (!this.world.isRemote && this.getCountOnUpdate() % 40 == 0) {
                                            ^
  symbol: method getCountOnUpdate()
C:\Users\marmo\Documents\GitHub\McHeliCE\src\main\java\com\norwood\mcheli\aircr
aft\MCH_EntityAircraft.java:3202: error: cannot find symbol
                            int num = ws.getRestAllAmmoNum() + ws.getAmmo();
                                                                 ^
  symbol:   method getAmmo()
  location: variable ws of type MCH_WeaponSet
C:\Users\marmo\Documents\GitHub\McHeliCE\src\main\java\com\norwood\mcheli\aircr
aft\MCH_EntityAircraft.java:3211: error: cannot find symbol
                                if (num != ws.getRestAllAmmoNum() + 
ws.getAmmo()) {
                                                                      ^
  symbol:   method getAmmo()
  location: variable ws of type MCH_WeaponSet
C:\Users\marmo\Documents\GitHub\McHeliCE\src\main\java\com\norwood\mcheli\aircr
aft\MCH_EntityAircraft.java:3212: error: cannot find symbol
                                    if (ws.getAmmo() <= 0) {
                                          ^
  symbol:   method getAmmo()
  location: variable ws of type MCH_WeaponSet
C:\Users\marmo\Documents\GitHub\McHeliCE\src\main\java\com\norwood\mcheli\aircr
aft\MCH_EntityAircraft.java:3231: error: cannot find symbol
        if (!canSupply() || ws.getRestAllAmmoNum() + ws.getAmmo() >= 
ws.getMaxAmmo())
                                                       ^
  symbol:   method getAmmo()
  location: variable ws of type MCH_WeaponSet
C:\Users\marmo\Documents\GitHub\McHeliCE\src\main\java\com\norwood\mcheli\aircr
aft\MCH_EntityAircraft.java:3574: error: cannot find symbol
            if (!(this.getCurrentThrottle() <= 0.1F)) {
                      ^
  symbol: method getCurrentThrottle()
C:\Users\marmo\Documents\GitHub\McHeliCE\src\main\java\com\norwood\mcheli\aircr
aft\MCH_EntityAircraft.java:3586: error: cannot find symbol
                                if (this.rand.nextFloat() <= 
this.getCurrentThrottle() * 1.5) {
                                                                 ^
  symbol: method getCurrentThrottle()
C:\Users\marmo\Documents\GitHub\McHeliCE\src\main\java\com\norwood\mcheli\aircr
aft\MCH_EntityAircraft.java:3622: error: cannot find symbol
            double throttle = this.getCurrentThrottle();
                                  ^
  symbol: method getCurrentThrottle()
C:\Users\marmo\Documents\GitHub\McHeliCE\src\main\java\com\norwood\mcheli\aircr
aft\MCH_EntityAircraft.java:4022: error: cannot find symbol
        return this.getLastRiderYaw();
                   ^
  symbol: method getLastRiderYaw()
C:\Users\marmo\Documents\GitHub\McHeliCE\src\main\java\com\norwood\mcheli\aircr
aft\MCH_EntityAircraft.java:4044: error: cannot find symbol
        float curr = this.getLastRiderYaw();
                         ^
  symbol: method getLastRiderYaw()
C:\Users\marmo\Documents\GitHub\McHeliCE\src\main\java\com\norwood\mcheli\aircr
aft\MCH_EntityAircraft.java:4060: error: cannot find symbol
        return this.getLastRiderPitch();
                   ^
  symbol: method getLastRiderPitch()
C:\Users\marmo\Documents\GitHub\McHeliCE\src\main\java\com\norwood\mcheli\aircr
aft\MCH_EntityAircraft.java:4073: error: cannot find symbol
        return this.prevLastRiderPitch + (this.getLastRiderPitch() - 
this.prevLastRiderPitch) * partialTicks;
                                              ^
  symbol: method getLastRiderPitch()
C:\Users\marmo\Documents\GitHub\McHeliCE\src\main\java\com\norwood\mcheli\aircr
aft\MCH_EntityAircraft.java:4082: error: cannot find symbol
        var wsYaw = weaponSet.getYaw();
                             ^
  symbol:   method getYaw()
  location: variable weaponSet of type MCH_WeaponSet
C:\Users\marmo\Documents\GitHub\McHeliCE\src\main\java\com\norwood\mcheli\aircr
aft\MCH_EntityAircraft.java:4094: error: cannot find symbol
        float wsYaw = weaponSet.getPrevYaw() + (weaponSet.getYaw() - 
weaponSet.getPrevYaw()) * partialTicks;
                               ^
  symbol:   method getPrevYaw()
  location: variable weaponSet of type MCH_WeaponSet
C:\Users\marmo\Documents\GitHub\McHeliCE\src\main\java\com\norwood\mcheli\aircr
aft\MCH_EntityAircraft.java:4094: error: cannot find symbol
        float wsYaw = weaponSet.getPrevYaw() + (weaponSet.getYaw() - 
weaponSet.getPrevYaw()) * partialTicks;
                                                         ^
  symbol:   method getYaw()
  location: variable weaponSet of type MCH_WeaponSet
C:\Users\marmo\Documents\GitHub\McHeliCE\src\main\java\com\norwood\mcheli\aircr
aft\MCH_EntityAircraft.java:4094: error: cannot find symbol
        float wsYaw = weaponSet.getPrevYaw() + (weaponSet.getYaw() - 
weaponSet.getPrevYaw()) * partialTicks;
                                                                              ^
  symbol:   method getPrevYaw()
  location: variable weaponSet of type MCH_WeaponSet
C:\Users\marmo\Documents\GitHub\McHeliCE\src\main\java\com\norwood\mcheli\aircr
aft\MCH_EntityAircraft.java:4104: error: cannot find symbol
        return MathHelper.wrapDegrees(this.getPitch() + weaponSet.getPitch() + 
weaponSet.getCurrentWeapon().fixRotationPitch);
                                                                 ^
  symbol:   method getPitch()
  location: variable weaponSet of type MCH_WeaponSet
C:\Users\marmo\Documents\GitHub\McHeliCE\src\main\java\com\norwood\mcheli\aircr
aft\MCH_EntityAircraft.java:4114: error: cannot find symbol
        float wsPitch = weaponSet.getPrevPitch() + (weaponSet.getPitch() - 
weaponSet.getPrevPitch()) * partialTicks;
                                 ^
  symbol:   method getPrevPitch()
  location: variable weaponSet of type MCH_WeaponSet
C:\Users\marmo\Documents\GitHub\McHeliCE\src\main\java\com\norwood\mcheli\aircr
aft\MCH_EntityAircraft.java:4114: error: cannot find symbol
        float wsPitch = weaponSet.getPrevPitch() + (weaponSet.getPitch() - 
weaponSet.getPrevPitch()) * partialTicks;
                                                             ^
  symbol:   method getPitch()
  location: variable weaponSet of type MCH_WeaponSet
C:\Users\marmo\Documents\GitHub\McHeliCE\src\main\java\com\norwood\mcheli\aircr
aft\MCH_EntityAircraft.java:4114: error: cannot find symbol
        float wsPitch = weaponSet.getPrevPitch() + (weaponSet.getPitch() - 
weaponSet.getPrevPitch()) * partialTicks;
                                                                               
     ^
  symbol:   method getPrevPitch()
  location: variable weaponSet of type MCH_WeaponSet
C:\Users\marmo\Documents\GitHub\McHeliCE\src\main\java\com\norwood\mcheli\aircr
aft\MCH_EntityAircraft.java:4126: error: cannot find symbol
        if (this.lastCalcPredictedImpactPointCount != this.getCountOnUpdate()) 
{
                                                          ^
  symbol: method getCountOnUpdate()
C:\Users\marmo\Documents\GitHub\McHeliCE\src\main\java\com\norwood\mcheli\aircr
aft\MCH_EntityAircraft.java:4127: error: cannot find symbol
            this.lastCalcPredictedImpactPointCount = this.getCountOnUpdate();
                                                         ^
  symbol: method getCountOnUpdate()
C:\Users\marmo\Documents\GitHub\McHeliCE\src\main\java\com\norwood\mcheli\aircr
aft\MCH_EntityAircraft.java:4297: error: cannot find symbol
        if (this.isDetachedWeaponAimActive()) {
                ^
  symbol: method isDetachedWeaponAimActive()
C:\Users\marmo\Documents\GitHub\McHeliCE\src\main\java\com\norwood\mcheli\aircr
aft\MCH_EntityAircraft.java:4298: error: cannot find symbol
            return this.getDetachedWeaponAimYaw();
                       ^
  symbol: method getDetachedWeaponAimYaw()
C:\Users\marmo\Documents\GitHub\McHeliCE\src\main\java\com\norwood\mcheli\aircr
aft\MCH_EntityAircraft.java:4303: error: cannot find symbol
        return this.getLastRiderYaw();
                   ^
  symbol: method getLastRiderYaw()
C:\Users\marmo\Documents\GitHub\McHeliCE\src\main\java\com\norwood\mcheli\aircr
aft\MCH_EntityAircraft.java:4360: error: cannot find symbol
                this.setCommonUniqueId(uuid);
                    ^
  symbol: method setCommonUniqueId(String)
C:\Users\marmo\Documents\GitHub\McHeliCE\src\main\java\com\norwood\mcheli\aircr
aft\MCH_EntityAircraft.java:4365: error: cannot find symbol
                    this.seats[i].parentUniqueID = this.getCommonUniqueId();
                                                       ^
  symbol: method getCommonUniqueId()
C:\Users\marmo\Documents\GitHub\McHeliCE\src\main\java\com\norwood\mcheli\aircr
aft\MCH_EntityAircraft.java:4507: error: cannot find symbol
        return !this.getCommonUniqueId().isEmpty();
                    ^
  symbol: method getCommonUniqueId()
C:\Users\marmo\Documents\GitHub\McHeliCE\src\main\java\com\norwood\mcheli\aircr
aft\MCH_EntityAircraft.java:4542: error: cannot find symbol
            if (!seat.isDead && 
seat.parentUniqueID.equals(this.getCommonUniqueId()) && seat.seatID >= 0 && 
seat.seatID < this.getSeatNum() && this.seats[seat.seatID] == null) {
                                                               ^
  symbol: method getCommonUniqueId()
C:\Users\marmo\Documents\GitHub\McHeliCE\src\main\java\com\norwood\mcheli\aircr
aft\MCH_EntityAircraft.java:4575: error: cannot find symbol
            this.setTowChainEntity(null);
                ^
  symbol: method setTowChainEntity(<null>)
C:\Users\marmo\Documents\GitHub\McHeliCE\src\main\java\com\norwood\mcheli\aircr
aft\MCH_EntityAircraft.java:4869: error: cannot find symbol
            if (this.getCurrentThrottle() > 0.3) {
                    ^
  symbol: method getCurrentThrottle()
C:\Users\marmo\Documents\GitHub\McHeliCE\src\main\java\com\norwood\mcheli\aircr
aft\MCH_EntityAircraft.java:5024: error: cannot find symbol
        if (this.getCountOnUpdate() % 10 == 0) {
                ^
  symbol: method getCountOnUpdate()
C:\Users\marmo\Documents\GitHub\McHeliCE\src\main\java\com\norwood\mcheli\aircr
aft\MCH_EntityAircraft.java:5227: error: cannot find symbol
            if (this.getModeSwitchCooldown() > 0) return false;
                    ^
  symbol: method getModeSwitchCooldown()
C:\Users\marmo\Documents\GitHub\McHeliCE\src\main\java\com\norwood\mcheli\aircr
aft\MCH_EntityAircraft.java:5467: error: cannot find symbol
                    weaponSetArray[i].setPrevYaw(defYaw);
                                     ^
  symbol:   method setPrevYaw(float)
  location: class MCH_WeaponSet
C:\Users\marmo\Documents\GitHub\McHeliCE\src\main\java\com\norwood\mcheli\aircr
aft\MCH_EntityAircraft.java:5468: error: cannot find symbol
                    weaponSetArray[i].setYaw(defYaw);
                                     ^
  symbol:   method setYaw(float)
  location: class MCH_WeaponSet
C:\Users\marmo\Documents\GitHub\McHeliCE\src\main\java\com\norwood\mcheli\aircr
aft\MCH_EntityAircraft.java:5469: error: cannot find symbol
                    weaponSetArray[i].setDefYaw(defYaw);
                                     ^
  symbol:   method setDefYaw(float)
  location: class MCH_WeaponSet
C:\Users\marmo\Documents\GitHub\McHeliCE\src\main\java\com\norwood\mcheli\aircr
aft\MCH_EntityAircraft.java:5498: error: cannot find symbol
                    new PacketSyncWeapon(getEntityId(this), sid, id, (short) 
ws.getAmmo(), (short) ws.getRestAllAmmoNum(), (short) ws.cooldown, (short) 
ws.reloadCooldown).sendPacketToAllAround(world, posX, posY, posZ, 150);
                                                                               
^
  symbol:   method getAmmo()
  location: variable ws of type MCH_WeaponSet
C:\Users\marmo\Documents\GitHub\McHeliCE\src\main\java\com\norwood\mcheli\aircr
aft\MCH_EntityAircraft.java:5498: error: constructor PacketSyncWeapon in class 
PacketSyncWeapon cannot be applied to given types;
                    new PacketSyncWeapon(getEntityId(this), sid, id, (short) 
ws.getAmmo(), (short) ws.getRestAllAmmoNum(), (short) ws.cooldown, (short) 
ws.reloadCooldown).sendPacketToAllAround(world, posX, posY, posZ, 150);
                    ^
  required: no arguments
  found:    int,int,int,short,short,short,short
  reason: actual and formal argument lists differ in length
C:\Users\marmo\Documents\GitHub\McHeliCE\src\main\java\com\norwood\mcheli\aircr
aft\MCH_EntityAircraft.java:5575: error: cannot find symbol
        if (this.lastCalcLandInDistanceCount != this.getCountOnUpdate() && 
(this.world.isRemote || this.getCountOnUpdate() % 5 == 0)) {
                                                    ^
  symbol: method getCountOnUpdate()
C:\Users\marmo\Documents\GitHub\McHeliCE\src\main\java\com\norwood\mcheli\aircr
aft\MCH_EntityAircraft.java:5575: error: cannot find symbol
        if (this.lastCalcLandInDistanceCount != this.getCountOnUpdate() && 
(this.world.isRemote || this.getCountOnUpdate() % 5 == 0)) {
                                                                               
                        ^
  symbol: method getCountOnUpdate()
C:\Users\marmo\Documents\GitHub\McHeliCE\src\main\java\com\norwood\mcheli\aircr
aft\MCH_EntityAircraft.java:5576: error: cannot find symbol
            this.lastCalcLandInDistanceCount = this.getCountOnUpdate();
                                                   ^
  symbol: method getCountOnUpdate()
C:\Users\marmo\Documents\GitHub\McHeliCE\src\main\java\com\norwood\mcheli\aircr
aft\MCH_EntityAircraft.java:5688: error: cannot find symbol
        int lastUsedIndex = currentWs.getCurrentWeaponIndex();
                                     ^
  symbol:   method getCurrentWeaponIndex()
  location: variable currentWs of type MCH_WeaponSet
C:\Users\marmo\Documents\GitHub\McHeliCE\src\main\java\com\norwood\mcheli\aircr
aft\MCH_EntityAircraft.java:5722: error: cannot find symbol
                                    (short) ws.getAmmo(), (short) 
ws.getRestAllAmmoNum(),
                                              ^
  symbol:   method getAmmo()
  location: variable ws of type MCH_WeaponSet
C:\Users\marmo\Documents\GitHub\McHeliCE\src\main\java\com\norwood\mcheli\aircr
aft\MCH_EntityAircraft.java:5721: error: constructor PacketSyncWeapon in class 
PacketSyncWeapon cannot be applied to given types;
                            new PacketSyncWeapon(this.getEntityId(), sid, i,
                            ^
  required: no arguments
  found:    int,int,int,short,short,short,short
  reason: actual and formal argument lists differ in length
C:\Users\marmo\Documents\GitHub\McHeliCE\src\main\java\com\norwood\mcheli\aircr
aft\MCH_EntityAircraft.java:5899: error: cannot find symbol
                                this.recoilYaw = w.getYaw();
                                                  ^
  symbol:   method getYaw()
  location: variable w of type MCH_WeaponSet
C:\Users\marmo\Documents\GitHub\McHeliCE\src\main\java\com\norwood\mcheli\aircr
aft\MCH_EntityAircraft.java:5904: error: cannot find symbol
                            Vec3d wrv = MCH_Lib.RotVec3(0.0, 0.0, -1.0, 
-w.getYaw() - yaw, -w.getPitch());
                                                                          ^
  symbol:   method getYaw()
  location: variable w of type MCH_WeaponSet
C:\Users\marmo\Documents\GitHub\McHeliCE\src\main\java\com\norwood\mcheli\aircr
aft\MCH_EntityAircraft.java:5904: error: cannot find symbol
                            Vec3d wrv = MCH_Lib.RotVec3(0.0, 0.0, -1.0, 
-w.getYaw() - yaw, -w.getPitch());
                                                                               
              ^
  symbol:   method getPitch()
  location: variable w of type MCH_WeaponSet
C:\Users\marmo\Documents\GitHub\McHeliCE\src\main\java\com\norwood\mcheli\aircr
aft\MCH_EntityAircraft.java:5924: error: cannot find symbol
                            w.setTurretYaw(this.getLastRiderYaw() - 
this.getYaw());
                                               ^
  symbol: method getLastRiderYaw()
Note: Some input files use or override a deprecated API.
Note: Recompile with -Xlint:deprecation for details.
Note: Some input files use unchecked or unsafe operations.
Note: Recompile with -Xlint:unchecked for details.
100 errors

> Task :compileJava FAILED

[Incubating] Problems report is available at: file:///C:/Users/marmo/Documents/GitHub/McHeliCE/build/reports/problems/problems-report.html

FAILURE: Build failed with an exception.

* What went wrong:
Execution failed for task ':compileJava'.
> Compilation failed; see the compiler output below.
  C:\Users\marmo\Documents\GitHub\McHeliCE\src\main\java\com\norwood\mcheli\air
craft\MCH_EntityAircraft.java:5498: error: constructor PacketSyncWeapon in 
class PacketSyncWeapon cannot be applied to given types;
                      new PacketSyncWeapon(getEntityId(this), sid, id, (short) 
ws.getAmmo(), (short) ws.getRestAllAmmoNum(), (short) ws.cooldown, (short) 
ws.reloadCooldown).sendPacketToAllAround(world, posX, posY, posZ, 150);
                      ^
    required: no arguments
    found:    int,int,int,short,short,short,short
    reason: actual and formal argument lists differ in length
  C:\Users\marmo\Documents\GitHub\McHeliCE\src\main\java\com\norwood\mcheli\air
craft\MCH_EntityAircraft.java:5721: error: constructor PacketSyncWeapon in 
class PacketSyncWeapon cannot be applied to given types;
                              new PacketSyncWeapon(this.getEntityId(), sid, i,
                              ^
    required: no arguments
    found:    int,int,int,short,short,short,short
    reason: actual and formal argument lists differ in length
  C:\Users\marmo\Documents\GitHub\McHeliCE\src\main\java\com\norwood\mcheli\air
craft\MCH_EntityAircraft.java:329: error: cannot find symbol
          this.setCurrentThrottle(0.0);
              ^
    symbol: method setCurrentThrottle(double)
  C:\Users\marmo\Documents\GitHub\McHeliCE\src\main\java\com\norwood\mcheli\air
craft\MCH_EntityAircraft.java:334: error: cannot find symbol
          this.setCommonUniqueId("");
              ^
    symbol: method setCommonUniqueId(String)
  C:\Users\marmo\Documents\GitHub\McHeliCE\src\main\java\com\norwood\mcheli\air
craft\MCH_EntityAircraft.java:348: error: cannot find symbol
          this.setTowChainEntity(null);
              ^
    symbol: method setTowChainEntity(<null>)
  C:\Users\marmo\Documents\GitHub\McHeliCE\src\main\java\com\norwood\mcheli\air
craft\MCH_EntityAircraft.java:355: error: cannot find symbol
          this.setDespawnCount(0);
              ^
    symbol: method setDespawnCount(int)
  C:\Users\marmo\Documents\GitHub\McHeliCE\src\main\java\com\norwood\mcheli\air
craft\MCH_EntityAircraft.java:829: error: cannot find symbol
              this.setDespawnCount(20 * MCH_Config.DespawnCount.prmInt / 10);
                  ^
    symbol: method setDespawnCount(int)
  C:\Users\marmo\Documents\GitHub\McHeliCE\src\main\java\com\norwood\mcheli\air
craft\MCH_EntityAircraft.java:831: error: cannot find symbol
              this.setDespawnCount(20 * MCH_Config.DespawnCount.prmInt);
                  ^
    symbol: method setDespawnCount(int)
  C:\Users\marmo\Documents\GitHub\McHeliCE\src\main\java\com\norwood\mcheli\air
craft\MCH_EntityAircraft.java:872: error: cannot find symbol
          return this.getDespawnCount() > 0;
                     ^
    symbol: method getDespawnCount()
  C:\Users\marmo\Documents\GitHub\McHeliCE\src\main\java\com\norwood\mcheli\air
craft\MCH_EntityAircraft.java:907: error: cannot find symbol
                      if (this.getCountOnUpdate() % 2 == 0) {
                              ^
    symbol: method getCountOnUpdate()
  C:\Users\marmo\Documents\GitHub\McHeliCE\src\main\java\com\norwood\mcheli\air
craft\MCH_EntityAircraft.java:931: error: cannot find symbol
              if (sid == 0 && this.canSwitchCameraPos() && this.getCameraId() 
> 0 && this.getCameraId() < this.getAcInfo().cameraPosition.size()) {
                                                               ^
    symbol: method getCameraId()
  C:\Users\marmo\Documents\GitHub\McHeliCE\src\main\java\com\norwood\mcheli\air
craft\MCH_EntityAircraft.java:931: error: cannot find symbol
              if (sid == 0 && this.canSwitchCameraPos() && this.getCameraId() 
> 0 && this.getCameraId() < this.getAcInfo().cameraPosition.size()) {
                                                                               
          ^
    symbol: method getCameraId()
  C:\Users\marmo\Documents\GitHub\McHeliCE\src\main\java\com\norwood\mcheli\air
craft\MCH_EntityAircraft.java:932: error: cannot find symbol
                  return 
this.getAcInfo().cameraPosition.get(this.getCameraId());
                                                                 ^
    symbol: method getCameraId()
  C:\Users\marmo\Documents\GitHub\McHeliCE\src\main\java\com\norwood\mcheli\air
craft\MCH_EntityAircraft.java:994: error: cannot find symbol
          this.setDespawnCount(nbt.getInteger("AcDespawnCount"));
              ^
    symbol: method setDespawnCount(int)
  C:\Users\marmo\Documents\GitHub\McHeliCE\src\main\java\com\norwood\mcheli\air
craft\MCH_EntityAircraft.java:996: error: cannot find symbol
          this.setCommonUniqueId(nbt.getString("AircraftUniqueId"));
              ^
    symbol: method setCommonUniqueId(String)
  C:\Users\marmo\Documents\GitHub\McHeliCE\src\main\java\com\norwood\mcheli\air
craft\MCH_EntityAircraft.java:1016: error: cannot find symbol
          if (this.getDespawnCount() > 0) {
                  ^
    symbol: method getDespawnCount()
  C:\Users\marmo\Documents\GitHub\McHeliCE\src\main\java\com\norwood\mcheli\air
craft\MCH_EntityAircraft.java:1040: error: cannot find symbol
          nbt.setString("AircraftUniqueId", this.getCommonUniqueId());
                                                ^
    symbol: method getCommonUniqueId()
  C:\Users\marmo\Documents\GitHub\McHeliCE\src\main\java\com\norwood\mcheli\air
craft\MCH_EntityAircraft.java:1045: error: cannot find symbol
          nbt.setInteger("AcDespawnCount", this.getDespawnCount());
                                               ^
    symbol: method getDespawnCount()
  C:\Users\marmo\Documents\GitHub\McHeliCE\src\main\java\com\norwood\mcheli\air
craft\MCH_EntityAircraft.java:1048: error: cannot find symbol
          nbt.setFloat("AcLastRYaw", this.getLastRiderYaw());
                                         ^
    symbol: method getLastRiderYaw()
  C:\Users\marmo\Documents\GitHub\McHeliCE\src\main\java\com\norwood\mcheli\air
craft\MCH_EntityAircraft.java:1049: error: cannot find symbol
          nbt.setFloat("AcLastRPitch", this.getLastRiderPitch());
                                           ^
    symbol: method getLastRiderPitch()
  C:\Users\marmo\Documents\GitHub\McHeliCE\src\main\java\com\norwood\mcheli\air
craft\MCH_EntityAircraft.java:1364: error: cannot find symbol
              pilot.rotationYaw = this.getLastRiderYaw();
                                      ^
    symbol: method getLastRiderYaw()
  C:\Users\marmo\Documents\GitHub\McHeliCE\src\main\java\com\norwood\mcheli\air
craft\MCH_EntityAircraft.java:1365: error: cannot find symbol
              pilot.rotationPitch = this.getLastRiderPitch();
                                        ^
    symbol: method getLastRiderPitch()
  C:\Users\marmo\Documents\GitHub\McHeliCE\src\main\java\com\norwood\mcheli\air
craft\MCH_EntityAircraft.java:1375: error: cannot find symbol
          this.setCurrentThrottle(this.getCurrentThrottle() + throttle);
                                      ^
    symbol: method getCurrentThrottle()
  C:\Users\marmo\Documents\GitHub\McHeliCE\src\main\java\com\norwood\mcheli\air
craft\MCH_EntityAircraft.java:1386: error: cannot find symbol
              return this.getCountOnUpdate() >= 30 && 
MCH_Lib.getBlockIdY(this, 3, -2) == 0;
                         ^
    symbol: method getCountOnUpdate()
  C:\Users\marmo\Documents\GitHub\McHeliCE\src\main\java\com\norwood\mcheli\air
craft\MCH_EntityAircraft.java:1391: error: cannot find symbol
          return this.getCountOnUpdate() >= 30 && MCH_Lib.getBlockIdY(this, 3, 
-2) == 0;
                     ^
    symbol: method getCountOnUpdate()
  C:\Users\marmo\Documents\GitHub\McHeliCE\src\main\java\com\norwood\mcheli\air
craft\MCH_EntityAircraft.java:1398: error: cannot find symbol
              return this.getCountOnUpdate() >= 30 && 
MCH_Lib.getBlockIdY(this, 3, -2) == 0;
                         ^
    symbol: method getCountOnUpdate()
  C:\Users\marmo\Documents\GitHub\McHeliCE\src\main\java\com\norwood\mcheli\air
craft\MCH_EntityAircraft.java:1750: error: cannot find symbol
          if (this.getCountOnUpdate() < 2) {
                  ^
    symbol: method getCountOnUpdate()
  C:\Users\marmo\Documents\GitHub\McHeliCE\src\main\java\com\norwood\mcheli\air
craft\MCH_EntityAircraft.java:1754: error: cannot find symbol
          this.prevCurrentThrottle = this.getCurrentThrottle();
                                         ^
    symbol: method getCurrentThrottle()
  C:\Users\marmo\Documents\GitHub\McHeliCE\src\main\java\com\norwood\mcheli\air
craft\MCH_EntityAircraft.java:1779: error: cannot find symbol
          if (this.isDestroyed() && this.getCountOnUpdate() % 20 == 0) {
                                        ^
    symbol: method getCountOnUpdate()
  C:\Users\marmo\Documents\GitHub\McHeliCE\src\main\java\com\norwood\mcheli\air
craft\MCH_EntityAircraft.java:1803: error: cannot find symbol
          if (!this.world.isRemote && this.isTargetDrone() && 
!this.isDestroyed() && this.getCountOnUpdate() > 20 && !this.canUseFuel()) {
                                                                               
          ^
    symbol: method getCountOnUpdate()
  C:\Users\marmo\Documents\GitHub\McHeliCE\src\main\java\com\norwood\mcheli\air
craft\MCH_EntityAircraft.java:1810: error: cannot find symbol
          if (this.world.isRemote && this.getAcInfo() != null && this.getHP() 
<= 0 && this.getDespawnCount() <= 0) {
                                                                               
           ^
    symbol: method getDespawnCount()
  C:\Users\marmo\Documents\GitHub\McHeliCE\src\main\java\com\norwood\mcheli\air
craft\MCH_EntityAircraft.java:1815: error: cannot find symbol
          if (!this.world.isRemote && this.getDespawnCount() > 0) {
                                          ^
    symbol: method getDespawnCount()
  C:\Users\marmo\Documents\GitHub\McHeliCE\src\main\java\com\norwood\mcheli\air
craft\MCH_EntityAircraft.java:1816: error: cannot find symbol
              this.setDespawnCount(this.getDespawnCount() - 1);
                                       ^
    symbol: method getDespawnCount()
  C:\Users\marmo\Documents\GitHub\McHeliCE\src\main\java\com\norwood\mcheli\air
craft\MCH_EntityAircraft.java:1817: error: cannot find symbol
              if (this.getDespawnCount() <= 1) {
                      ^
    symbol: method getDespawnCount()
  C:\Users\marmo\Documents\GitHub\McHeliCE\src\main\java\com\norwood\mcheli\air
craft\MCH_EntityAircraft.java:1876: error: cannot find symbol
              this.setTowChainEntity(null);
                  ^
    symbol: method setTowChainEntity(<null>)
  C:\Users\marmo\Documents\GitHub\McHeliCE\src\main\java\com\norwood\mcheli\air
craft\MCH_EntityAircraft.java:1996: error: cannot find symbol
              if (this.getCountOnUpdate() % 10 == 0) {
                      ^
    symbol: method getCountOnUpdate()
  C:\Users\marmo\Documents\GitHub\McHeliCE\src\main\java\com\norwood\mcheli\air
craft\MCH_EntityAircraft.java:2515: error: cannot find symbol
                      if (this.getCountOnUpdate() % hook.interval() == 0) {
                              ^
    symbol: method getCountOnUpdate()
  C:\Users\marmo\Documents\GitHub\McHeliCE\src\main\java\com\norwood\mcheli\air
craft\MCH_EntityAircraft.java:2554: error: cannot find symbol
                  } else if ((!this.haveHatch() || this.getHatchRotation() > 
89.0F) && this.getCountOnUpdate() % this.getAcInfo().mobDropOption.interval == 
0 && !this.unmountCrew(true)) {
                                                                               
            ^
    symbol: method getCountOnUpdate()
  C:\Users\marmo\Documents\GitHub\McHeliCE\src\main\java\com\norwood\mcheli\air
craft\MCH_EntityAircraft.java:2658: error: cannot find symbol
          if (!this.world.isRemote && this.waitMountEntity == 0 && 
this.getCountOnUpdate() > 20 && this.canMountWithNearEmptyMinecart()) {
                                                                       ^
    symbol: method getCountOnUpdate()
  C:\Users\marmo\Documents\GitHub\McHeliCE\src\main\java\com\norwood\mcheli\air
craft\MCH_EntityAircraft.java:2693: error: cannot find symbol
              } else if (this.getCurrentThrottle() > 0.8) {
                             ^
    symbol: method getCurrentThrottle()
  C:\Users\marmo\Documents\GitHub\McHeliCE\src\main\java\com\norwood\mcheli\air
craft\MCH_EntityAircraft.java:2740: error: cannot find symbol
              if (this.getCountOnUpdate() % 30 == 0 && (this.getAcInfo() == 
null || !this.getAcInfo().isFloat) && MCH_Lib.isBlockInWater(this.world, (int) 
(this.posX + 0.5), (int) (this.posY + 1.5 + 
this.getAcInfo().submergedDamageHeight), (int) (this.posZ + 0.5))) {
                      ^
    symbol: method getCountOnUpdate()
  C:\Users\marmo\Documents\GitHub\McHeliCE\src\main\java\com\norwood\mcheli\air
craft\MCH_EntityAircraft.java:2814: error: cannot find symbol
              if (!this.world.isRemote && this.getCountOnUpdate() % 20 == 0) {
                                              ^
    symbol: method getCountOnUpdate()
  C:\Users\marmo\Documents\GitHub\McHeliCE\src\main\java\com\norwood\mcheli\air
craft\MCH_EntityAircraft.java:2953: error: cannot find symbol
          if (this.world.isRemote || this.getCountOnUpdate() % 10 != 0) return;
                                         ^
    symbol: method getCountOnUpdate()
  C:\Users\marmo\Documents\GitHub\McHeliCE\src\main\java\com\norwood\mcheli\air
craft\MCH_EntityAircraft.java:3195: error: cannot find symbol
              if (!this.world.isRemote && this.getCountOnUpdate() % 40 == 0) {
                                              ^
    symbol: method getCountOnUpdate()
  C:\Users\marmo\Documents\GitHub\McHeliCE\src\main\java\com\norwood\mcheli\air
craft\MCH_EntityAircraft.java:3574: error: cannot find symbol
              if (!(this.getCurrentThrottle() <= 0.1F)) {
                        ^
    symbol: method getCurrentThrottle()
  C:\Users\marmo\Documents\GitHub\McHeliCE\src\main\java\com\norwood\mcheli\air
craft\MCH_EntityAircraft.java:3586: error: cannot find symbol
                                  if (this.rand.nextFloat() <= 
this.getCurrentThrottle() * 1.5) {
                                                                   ^
    symbol: method getCurrentThrottle()
  C:\Users\marmo\Documents\GitHub\McHeliCE\src\main\java\com\norwood\mcheli\air
craft\MCH_EntityAircraft.java:3622: error: cannot find symbol
              double throttle = this.getCurrentThrottle();
                                    ^
    symbol: method getCurrentThrottle()
  C:\Users\marmo\Documents\GitHub\McHeliCE\src\main\java\com\norwood\mcheli\air
craft\MCH_EntityAircraft.java:4022: error: cannot find symbol
          return this.getLastRiderYaw();
                     ^
    symbol: method getLastRiderYaw()
  C:\Users\marmo\Documents\GitHub\McHeliCE\src\main\java\com\norwood\mcheli\air
craft\MCH_EntityAircraft.java:4044: error: cannot find symbol
          float curr = this.getLastRiderYaw();
                           ^
    symbol: method getLastRiderYaw()
  C:\Users\marmo\Documents\GitHub\McHeliCE\src\main\java\com\norwood\mcheli\air
craft\MCH_EntityAircraft.java:4060: error: cannot find symbol
          return this.getLastRiderPitch();
                     ^
    symbol: method getLastRiderPitch()
  C:\Users\marmo\Documents\GitHub\McHeliCE\src\main\java\com\norwood\mcheli\air
craft\MCH_EntityAircraft.java:4073: error: cannot find symbol
          return this.prevLastRiderPitch + (this.getLastRiderPitch() - 
this.prevLastRiderPitch) * partialTicks;
                                                ^
    symbol: method getLastRiderPitch()
  C:\Users\marmo\Documents\GitHub\McHeliCE\src\main\java\com\norwood\mcheli\air
craft\MCH_EntityAircraft.java:4126: error: cannot find symbol
          if (this.lastCalcPredictedImpactPointCount != 
this.getCountOnUpdate()) {
                                                            ^
    symbol: method getCountOnUpdate()
  C:\Users\marmo\Documents\GitHub\McHeliCE\src\main\java\com\norwood\mcheli\air
craft\MCH_EntityAircraft.java:4127: error: cannot find symbol
              this.lastCalcPredictedImpactPointCount = this.getCountOnUpdate();
                                                           ^
    symbol: method getCountOnUpdate()
  C:\Users\marmo\Documents\GitHub\McHeliCE\src\main\java\com\norwood\mcheli\air
craft\MCH_EntityAircraft.java:4297: error: cannot find symbol
          if (this.isDetachedWeaponAimActive()) {
                  ^
    symbol: method isDetachedWeaponAimActive()
  C:\Users\marmo\Documents\GitHub\McHeliCE\src\main\java\com\norwood\mcheli\air
craft\MCH_EntityAircraft.java:4298: error: cannot find symbol
              return this.getDetachedWeaponAimYaw();
                         ^
    symbol: method getDetachedWeaponAimYaw()
  C:\Users\marmo\Documents\GitHub\McHeliCE\src\main\java\com\norwood\mcheli\air
craft\MCH_EntityAircraft.java:4303: error: cannot find symbol
          return this.getLastRiderYaw();
                     ^
    symbol: method getLastRiderYaw()
  C:\Users\marmo\Documents\GitHub\McHeliCE\src\main\java\com\norwood\mcheli\air
craft\MCH_EntityAircraft.java:4360: error: cannot find symbol
                  this.setCommonUniqueId(uuid);
                      ^
    symbol: method setCommonUniqueId(String)
  C:\Users\marmo\Documents\GitHub\McHeliCE\src\main\java\com\norwood\mcheli\air
craft\MCH_EntityAircraft.java:4365: error: cannot find symbol
                      this.seats[i].parentUniqueID = this.getCommonUniqueId();
                                                         ^
    symbol: method getCommonUniqueId()
  C:\Users\marmo\Documents\GitHub\McHeliCE\src\main\java\com\norwood\mcheli\air
craft\MCH_EntityAircraft.java:4507: error: cannot find symbol
          return !this.getCommonUniqueId().isEmpty();
                      ^
    symbol: method getCommonUniqueId()
  C:\Users\marmo\Documents\GitHub\McHeliCE\src\main\java\com\norwood\mcheli\air
craft\MCH_EntityAircraft.java:4542: error: cannot find symbol
              if (!seat.isDead && 
seat.parentUniqueID.equals(this.getCommonUniqueId()) && seat.seatID >= 0 && 
seat.seatID < this.getSeatNum() && this.seats[seat.seatID] == null) {
                                                                 ^
    symbol: method getCommonUniqueId()
  C:\Users\marmo\Documents\GitHub\McHeliCE\src\main\java\com\norwood\mcheli\air
craft\MCH_EntityAircraft.java:4575: error: cannot find symbol
              this.setTowChainEntity(null);
                  ^
    symbol: method setTowChainEntity(<null>)
  C:\Users\marmo\Documents\GitHub\McHeliCE\src\main\java\com\norwood\mcheli\air
craft\MCH_EntityAircraft.java:4869: error: cannot find symbol
              if (this.getCurrentThrottle() > 0.3) {
                      ^
    symbol: method getCurrentThrottle()
  C:\Users\marmo\Documents\GitHub\McHeliCE\src\main\java\com\norwood\mcheli\air
craft\MCH_EntityAircraft.java:5024: error: cannot find symbol
          if (this.getCountOnUpdate() % 10 == 0) {
                  ^
    symbol: method getCountOnUpdate()
  C:\Users\marmo\Documents\GitHub\McHeliCE\src\main\java\com\norwood\mcheli\air
craft\MCH_EntityAircraft.java:5227: error: cannot find symbol
              if (this.getModeSwitchCooldown() > 0) return false;
                      ^
    symbol: method getModeSwitchCooldown()
  C:\Users\marmo\Documents\GitHub\McHeliCE\src\main\java\com\norwood\mcheli\air
craft\MCH_EntityAircraft.java:5575: error: cannot find symbol
          if (this.lastCalcLandInDistanceCount != this.getCountOnUpdate() && 
(this.world.isRemote || this.getCountOnUpdate() % 5 == 0)) {
                                                      ^
    symbol: method getCountOnUpdate()
  C:\Users\marmo\Documents\GitHub\McHeliCE\src\main\java\com\norwood\mcheli\air
craft\MCH_EntityAircraft.java:5575: error: cannot find symbol
          if (this.lastCalcLandInDistanceCount != this.getCountOnUpdate() && 
(this.world.isRemote || this.getCountOnUpdate() % 5 == 0)) {
                                                                               
                          ^
    symbol: method getCountOnUpdate()
  C:\Users\marmo\Documents\GitHub\McHeliCE\src\main\java\com\norwood\mcheli\air
craft\MCH_EntityAircraft.java:5576: error: cannot find symbol
              this.lastCalcLandInDistanceCount = this.getCountOnUpdate();
                                                     ^
    symbol: method getCountOnUpdate()
  C:\Users\marmo\Documents\GitHub\McHeliCE\src\main\java\com\norwood\mcheli\air
craft\MCH_EntityAircraft.java:5924: error: cannot find symbol
                              w.setTurretYaw(this.getLastRiderYaw() - 
this.getYaw());
                                                 ^
    symbol: method getLastRiderYaw()
  Note: Recompile with -Xlint:deprecation for details.
  Note: Recompile with -Xlint:unchecked for details.
  Note: Some input files use or override a deprecated API.
  Note: Some input files use unchecked or unsafe operations.
  C:\Users\marmo\Documents\GitHub\McHeliCE\src\main\java\com\norwood\mcheli\air
craft\MCH_EntityAircraft.java:706: error: cannot find symbol
          if (!this.world.isRemote && getAcInfo() != null && 
getInventory().getSlots() > 0) {
                                                             ^
    symbol:   method getInventory()
    location: class MCH_EntityAircraft
  C:\Users\marmo\Documents\GitHub\McHeliCE\src\main\java\com\norwood\mcheli\air
craft\MCH_EntityAircraft.java:1062: error: cannot find symbol
              wa_list[i] = this.getWeapon(i).getRestAllAmmoNum() + 
this.getWeapon(i).getAmmo();
                                                                               
     ^
    symbol:   method getAmmo()
    location: class MCH_WeaponSet
  C:\Users\marmo\Documents\GitHub\McHeliCE\src\main\java\com\norwood\mcheli\air
craft\MCH_EntityAircraft.java:2101: error: cannot find symbol
              AxisAlignedBB box = bb.getBoundingBox();
                                    ^
    symbol:   method getBoundingBox()
    location: variable bb of type MCH_BoundingBox
  C:\Users\marmo\Documents\GitHub\McHeliCE\src\main\java\com\norwood\mcheli\air
craft\MCH_EntityAircraft.java:2152: error: cannot find symbol
              AxisAlignedBB currentBox = bb.getBoundingBox();
                                           ^
    symbol:   method getBoundingBox()
    location: variable bb of type MCH_BoundingBox
  C:\Users\marmo\Documents\GitHub\McHeliCE\src\main\java\com\norwood\mcheli\air
craft\MCH_EntityAircraft.java:2272: error: cannot find symbol
              AxisAlignedBB box = this.extraBoundingBox[i].getBoundingBox();
                                                          ^
    symbol:   method getBoundingBox()
    location: class MCH_BoundingBox
  C:\Users\marmo\Documents\GitHub\McHeliCE\src\main\java\com\norwood\mcheli\air
craft\MCH_EntityAircraft.java:2293: error: cannot find symbol
              collisionBoxes[i] = this.extraBoundingBox[i].getBoundingBox();
                                                          ^
    symbol:   method getBoundingBox()
    location: class MCH_BoundingBox
  C:\Users\marmo\Documents\GitHub\McHeliCE\src\main\java\com\norwood\mcheli\air
craft\MCH_EntityAircraft.java:2309: error: cannot find symbol
          double throttle = getCurrentThrottle();
                            ^
    symbol:   method getCurrentThrottle()
    location: class MCH_EntityAircraft
  C:\Users\marmo\Documents\GitHub\McHeliCE\src\main\java\com\norwood\mcheli\air
craft\MCH_EntityAircraft.java:2352: error: cannot find symbol
          double throttle = getCurrentThrottle();
                            ^
    symbol:   method getCurrentThrottle()
    location: class MCH_EntityAircraft
  C:\Users\marmo\Documents\GitHub\McHeliCE\src\main\java\com\norwood\mcheli\air
craft\MCH_EntityAircraft.java:3009: error: cannot find symbol
          if (getCountOnUpdate() % 20 == 0 && getFuel() > 1 && getThrottle() > 
0.0 && fuelSuppliedCount <= 0) {
              ^
    symbol:   method getCountOnUpdate()
    location: class MCH_EntityAircraft
  C:\Users\marmo\Documents\GitHub\McHeliCE\src\main\java\com\norwood\mcheli\air
craft\MCH_EntityAircraft.java:3027: error: cannot find symbol
          if (canSupply() && getCountOnUpdate() % 10 == 0 && currentFuel < 
maxFuel) {
                             ^
    symbol:   method getCountOnUpdate()
    location: class MCH_EntityAircraft
  C:\Users\marmo\Documents\GitHub\McHeliCE\src\main\java\com\norwood\mcheli\air
craft\MCH_EntityAircraft.java:3202: error: cannot find symbol
                              int num = ws.getRestAllAmmoNum() + ws.getAmmo();
                                                                   ^
    symbol:   method getAmmo()
    location: variable ws of type MCH_WeaponSet
  C:\Users\marmo\Documents\GitHub\McHeliCE\src\main\java\com\norwood\mcheli\air
craft\MCH_EntityAircraft.java:3211: error: cannot find symbol
                                  if (num != ws.getRestAllAmmoNum() + 
ws.getAmmo()) {
                                                                        ^
    symbol:   method getAmmo()
    location: variable ws of type MCH_WeaponSet
  C:\Users\marmo\Documents\GitHub\McHeliCE\src\main\java\com\norwood\mcheli\air
craft\MCH_EntityAircraft.java:3212: error: cannot find symbol
                                      if (ws.getAmmo() <= 0) {
                                            ^
    symbol:   method getAmmo()
    location: variable ws of type MCH_WeaponSet
  C:\Users\marmo\Documents\GitHub\McHeliCE\src\main\java\com\norwood\mcheli\air
craft\MCH_EntityAircraft.java:3231: error: cannot find symbol
          if (!canSupply() || ws.getRestAllAmmoNum() + ws.getAmmo() >= 
ws.getMaxAmmo())
                                                         ^
    symbol:   method getAmmo()
    location: variable ws of type MCH_WeaponSet
  C:\Users\marmo\Documents\GitHub\McHeliCE\src\main\java\com\norwood\mcheli\air
craft\MCH_EntityAircraft.java:4082: error: cannot find symbol
          var wsYaw = weaponSet.getYaw();
                               ^
    symbol:   method getYaw()
    location: variable weaponSet of type MCH_WeaponSet
  C:\Users\marmo\Documents\GitHub\McHeliCE\src\main\java\com\norwood\mcheli\air
craft\MCH_EntityAircraft.java:4094: error: cannot find symbol
          float wsYaw = weaponSet.getPrevYaw() + (weaponSet.getYaw() - 
weaponSet.getPrevYaw()) * partialTicks;
                                 ^
    symbol:   method getPrevYaw()
    location: variable weaponSet of type MCH_WeaponSet
  C:\Users\marmo\Documents\GitHub\McHeliCE\src\main\java\com\norwood\mcheli\air
craft\MCH_EntityAircraft.java:4094: error: cannot find symbol
          float wsYaw = weaponSet.getPrevYaw() + (weaponSet.getYaw() - 
weaponSet.getPrevYaw()) * partialTicks;
                                                           ^
    symbol:   method getYaw()
    location: variable weaponSet of type MCH_WeaponSet
  C:\Users\marmo\Documents\GitHub\McHeliCE\src\main\java\com\norwood\mcheli\air
craft\MCH_EntityAircraft.java:4094: error: cannot find symbol
          float wsYaw = weaponSet.getPrevYaw() + (weaponSet.getYaw() - 
weaponSet.getPrevYaw()) * partialTicks;
                                                                               
 ^
    symbol:   method getPrevYaw()
    location: variable weaponSet of type MCH_WeaponSet
  C:\Users\marmo\Documents\GitHub\McHeliCE\src\main\java\com\norwood\mcheli\air
craft\MCH_EntityAircraft.java:4104: error: cannot find symbol
          return MathHelper.wrapDegrees(this.getPitch() + weaponSet.getPitch() 
+ weaponSet.getCurrentWeapon().fixRotationPitch);
                                                                   ^
    symbol:   method getPitch()
    location: variable weaponSet of type MCH_WeaponSet
  C:\Users\marmo\Documents\GitHub\McHeliCE\src\main\java\com\norwood\mcheli\air
craft\MCH_EntityAircraft.java:4114: error: cannot find symbol
          float wsPitch = weaponSet.getPrevPitch() + (weaponSet.getPitch() - 
weaponSet.getPrevPitch()) * partialTicks;
                                   ^
    symbol:   method getPrevPitch()
    location: variable weaponSet of type MCH_WeaponSet
  C:\Users\marmo\Documents\GitHub\McHeliCE\src\main\java\com\norwood\mcheli\air
craft\MCH_EntityAircraft.java:4114: error: cannot find symbol
          float wsPitch = weaponSet.getPrevPitch() + (weaponSet.getPitch() - 
weaponSet.getPrevPitch()) * partialTicks;
                                                               ^
    symbol:   method getPitch()
    location: variable weaponSet of type MCH_WeaponSet
  C:\Users\marmo\Documents\GitHub\McHeliCE\src\main\java\com\norwood\mcheli\air
craft\MCH_EntityAircraft.java:4114: error: cannot find symbol
          float wsPitch = weaponSet.getPrevPitch() + (weaponSet.getPitch() - 
weaponSet.getPrevPitch()) * partialTicks;
                                                                               
       ^
    symbol:   method getPrevPitch()
    location: variable weaponSet of type MCH_WeaponSet
  C:\Users\marmo\Documents\GitHub\McHeliCE\src\main\java\com\norwood\mcheli\air
craft\MCH_EntityAircraft.java:5467: error: cannot find symbol
                      weaponSetArray[i].setPrevYaw(defYaw);
                                       ^
    symbol:   method setPrevYaw(float)
    location: class MCH_WeaponSet
  C:\Users\marmo\Documents\GitHub\McHeliCE\src\main\java\com\norwood\mcheli\air
craft\MCH_EntityAircraft.java:5468: error: cannot find symbol
                      weaponSetArray[i].setYaw(defYaw);
                                       ^
    symbol:   method setYaw(float)
    location: class MCH_WeaponSet
  C:\Users\marmo\Documents\GitHub\McHeliCE\src\main\java\com\norwood\mcheli\air
craft\MCH_EntityAircraft.java:5469: error: cannot find symbol
                      weaponSetArray[i].setDefYaw(defYaw);
                                       ^
    symbol:   method setDefYaw(float)
    location: class MCH_WeaponSet
  C:\Users\marmo\Documents\GitHub\McHeliCE\src\main\java\com\norwood\mcheli\air
craft\MCH_EntityAircraft.java:5498: error: cannot find symbol
                      new PacketSyncWeapon(getEntityId(this), sid, id, (short) 
ws.getAmmo(), (short) ws.getRestAllAmmoNum(), (short) ws.cooldown, (short) 
ws.reloadCooldown).sendPacketToAllAround(world, posX, posY, posZ, 150);
                                                                               
  ^
    symbol:   method getAmmo()
    location: variable ws of type MCH_WeaponSet
  C:\Users\marmo\Documents\GitHub\McHeliCE\src\main\java\com\norwood\mcheli\air
craft\MCH_EntityAircraft.java:5688: error: cannot find symbol
          int lastUsedIndex = currentWs.getCurrentWeaponIndex();
                                       ^
    symbol:   method getCurrentWeaponIndex()
    location: variable currentWs of type MCH_WeaponSet
  C:\Users\marmo\Documents\GitHub\McHeliCE\src\main\java\com\norwood\mcheli\air
craft\MCH_EntityAircraft.java:5722: error: cannot find symbol
                                      (short) ws.getAmmo(), (short) 
ws.getRestAllAmmoNum(),
                                                ^
    symbol:   method getAmmo()
    location: variable ws of type MCH_WeaponSet
  C:\Users\marmo\Documents\GitHub\McHeliCE\src\main\java\com\norwood\mcheli\air
craft\MCH_EntityAircraft.java:5899: error: cannot find symbol
                                  this.recoilYaw = w.getYaw();
                                                    ^
    symbol:   method getYaw()
    location: variable w of type MCH_WeaponSet
  C:\Users\marmo\Documents\GitHub\McHeliCE\src\main\java\com\norwood\mcheli\air
craft\MCH_EntityAircraft.java:5904: error: cannot find symbol
                              Vec3d wrv = MCH_Lib.RotVec3(0.0, 0.0, -1.0, 
-w.getYaw() - yaw, -w.getPitch());
                                                                            ^
    symbol:   method getYaw()
    location: variable w of type MCH_WeaponSet
  C:\Users\marmo\Documents\GitHub\McHeliCE\src\main\java\com\norwood\mcheli\air
craft\MCH_EntityAircraft.java:5904: error: cannot find symbol
                              Vec3d wrv = MCH_Lib.RotVec3(0.0, 0.0, -1.0, 
-w.getYaw() - yaw, -w.getPitch());
                                                                               
                ^
    symbol:   method getPitch()
    location: variable w of type MCH_WeaponSet
  C:\Users\marmo\Documents\GitHub\McHeliCE\src\main\java\com\norwood\mcheli\MCH
_Explosion.java:153: error: method newExplosionInWater(World,Entity,Entity,doub
le,double,double,float,float,float,boolean,boolean,boolean,boolean,int) is 
already defined in class MCH_Explosion
      public static MCH_Explosion.ExplosionResult newExplosionInWater(
                                                  ^
  100 errors

* Try:
> Check your code and dependencies to fix the compilation error(s)
> Run with --scan to generate a Build Scan (powered by Develocity).

* Exception is:
org.gradle.api.tasks.TaskExecutionException: Execution failed for task 
':compileJava'.
	at org.gradle.api.internal.tasks.execution.ExecuteActionsTaskExecuter.lambda$e
xecuteIfValid$1(ExecuteActionsTaskExecuter.java:135)
	at org.gradle.internal.Try$Failure.ifSuccessfulOrElse(Try.java:288)
	at org.gradle.api.internal.tasks.execution.ExecuteActionsTaskExecuter.executeI
fValid(ExecuteActionsTaskExecuter.java:133)
	at org.gradle.api.internal.tasks.execution.ExecuteActionsTaskExecuter.execute(
ExecuteActionsTaskExecuter.java:121)
	at org.gradle.api.internal.tasks.execution.ProblemsTaskPathTrackingTaskExecute
r.execute(ProblemsTaskPathTrackingTaskExecuter.java:41)
	at org.gradle.api.internal.tasks.execution.FinalizePropertiesTaskExecuter.exec
ute(FinalizePropertiesTaskExecuter.java:46)
	at org.gradle.api.internal.tasks.execution.ResolveTaskExecutionModeExecuter.ex
ecute(ResolveTaskExecutionModeExecuter.java:51)
	at org.gradle.api.internal.tasks.execution.SkipTaskWithNoActionsExecuter.execu
te(SkipTaskWithNoActionsExecuter.java:57)
	at org.gradle.api.internal.tasks.execution.SkipOnlyIfTaskExecuter.execute(Skip
OnlyIfTaskExecuter.java:74)
	at org.gradle.api.internal.tasks.execution.CatchExceptionTaskExecuter.execute(
CatchExceptionTaskExecuter.java:36)
	at org.gradle.api.internal.tasks.execution.EventFiringTaskExecuter$1.executeTa
sk(EventFiringTaskExecuter.java:77)
	at org.gradle.api.internal.tasks.execution.EventFiringTaskExecuter$1.call(Even
tFiringTaskExecuter.java:55)
	at org.gradle.api.internal.tasks.execution.EventFiringTaskExecuter$1.call(Even
tFiringTaskExecuter.java:52)
	at org.gradle.internal.operations.DefaultBuildOperationRunner$CallableBuildOpe
rationWorker.execute(DefaultBuildOperationRunner.java:209)
	at org.gradle.internal.operations.DefaultBuildOperationRunner$CallableBuildOpe
rationWorker.execute(DefaultBuildOperationRunner.java:204)
	at org.gradle.internal.operations.DefaultBuildOperationRunner$2.execute(Defaul
tBuildOperationRunner.java:66)
	at org.gradle.internal.operations.DefaultBuildOperationRunner$2.execute(Defaul
tBuildOperationRunner.java:59)
	at org.gradle.internal.operations.DefaultBuildOperationRunner.execute(DefaultB
uildOperationRunner.java:166)
	at org.gradle.internal.operations.DefaultBuildOperationRunner.execute(DefaultB
uildOperationRunner.java:59)
	at org.gradle.internal.operations.DefaultBuildOperationRunner.call(DefaultBuil
dOperationRunner.java:53)
	at org.gradle.api.internal.tasks.execution.EventFiringTaskExecuter.execute(Eve
ntFiringTaskExecuter.java:52)
	at org.gradle.execution.plan.DefaultNodeExecutor.executeLocalTaskNode(DefaultN
odeExecutor.java:55)
	at org.gradle.execution.plan.DefaultNodeExecutor.execute(DefaultNodeExecutor.j
ava:34)
	at org.gradle.execution.taskgraph.DefaultTaskExecutionGraph$InvokeNodeExecutor
sAction.execute(DefaultTaskExecutionGraph.java:355)
	at org.gradle.execution.taskgraph.DefaultTaskExecutionGraph$InvokeNodeExecutor
sAction.execute(DefaultTaskExecutionGraph.java:343)
	at org.gradle.execution.taskgraph.DefaultTaskExecutionGraph$BuildOperationAwar
eExecutionAction.lambda$execute$0(DefaultTaskExecutionGraph.java:339)
	at org.gradle.internal.operations.CurrentBuildOperationRef.with(CurrentBuildOp
erationRef.java:84)
	at org.gradle.execution.taskgraph.DefaultTaskExecutionGraph$BuildOperationAwar
eExecutionAction.execute(DefaultTaskExecutionGraph.java:339)
	at org.gradle.execution.taskgraph.DefaultTaskExecutionGraph$BuildOperationAwar
eExecutionAction.execute(DefaultTaskExecutionGraph.java:328)
	at org.gradle.execution.plan.DefaultPlanExecutor$ExecutorWorker.execute(Defaul
tPlanExecutor.java:459)
	at org.gradle.execution.plan.DefaultPlanExecutor$ExecutorWorker.run(DefaultPla
nExecutor.java:376)
	at org.gradle.internal.concurrent.ExecutorPolicy$CatchAndRecordFailures.onExec
ute(ExecutorPolicy.java:64)
	at org.gradle.internal.concurrent.AbstractManagedExecutor$1.run(AbstractManage
dExecutor.java:47)
Caused by: org.gradle.api.internal.tasks.compile.CompilationFailedException: 
Compilation failed; see the compiler output below.
C:\Users\marmo\Documents\GitHub\McHeliCE\src\main\java\com\norwood\mcheli\aircr
aft\MCH_EntityAircraft.java:5498: error: constructor PacketSyncWeapon in class 
PacketSyncWeapon cannot be applied to given types;
                    new PacketSyncWeapon(getEntityId(this), sid, id, (short) 
ws.getAmmo(), (short) ws.getRestAllAmmoNum(), (short) ws.cooldown, (short) 
ws.reloadCooldown).sendPacketToAllAround(world, posX, posY, posZ, 150);
                    ^
  required: no arguments
  found:    int,int,int,short,short,short,short
  reason: actual and formal argument lists differ in length
C:\Users\marmo\Documents\GitHub\McHeliCE\src\main\java\com\norwood\mcheli\aircr
aft\MCH_EntityAircraft.java:5721: error: constructor PacketSyncWeapon in class 
PacketSyncWeapon cannot be applied to given types;
                            new PacketSyncWeapon(this.getEntityId(), sid, i,
                            ^
  required: no arguments
  found:    int,int,int,short,short,short,short
  reason: actual and formal argument lists differ in length
C:\Users\marmo\Documents\GitHub\McHeliCE\src\main\java\com\norwood\mcheli\aircr
aft\MCH_EntityAircraft.java:329: error: cannot find symbol
        this.setCurrentThrottle(0.0);
            ^
  symbol: method setCurrentThrottle(double)
C:\Users\marmo\Documents\GitHub\McHeliCE\src\main\java\com\norwood\mcheli\aircr
aft\MCH_EntityAircraft.java:334: error: cannot find symbol
        this.setCommonUniqueId("");
            ^
  symbol: method setCommonUniqueId(String)
C:\Users\marmo\Documents\GitHub\McHeliCE\src\main\java\com\norwood\mcheli\aircr
aft\MCH_EntityAircraft.java:348: error: cannot find symbol
        this.setTowChainEntity(null);
            ^
  symbol: method setTowChainEntity(<null>)
C:\Users\marmo\Documents\GitHub\McHeliCE\src\main\java\com\norwood\mcheli\aircr
aft\MCH_EntityAircraft.java:355: error: cannot find symbol
        this.setDespawnCount(0);
            ^
  symbol: method setDespawnCount(int)
C:\Users\marmo\Documents\GitHub\McHeliCE\src\main\java\com\norwood\mcheli\aircr
aft\MCH_EntityAircraft.java:829: error: cannot find symbol
            this.setDespawnCount(20 * MCH_Config.DespawnCount.prmInt / 10);
                ^
  symbol: method setDespawnCount(int)
C:\Users\marmo\Documents\GitHub\McHeliCE\src\main\java\com\norwood\mcheli\aircr
aft\MCH_EntityAircraft.java:831: error: cannot find symbol
            this.setDespawnCount(20 * MCH_Config.DespawnCount.prmInt);
                ^
  symbol: method setDespawnCount(int)
C:\Users\marmo\Documents\GitHub\McHeliCE\src\main\java\com\norwood\mcheli\aircr
aft\MCH_EntityAircraft.java:872: error: cannot find symbol
        return this.getDespawnCount() > 0;
                   ^
  symbol: method getDespawnCount()
C:\Users\marmo\Documents\GitHub\McHeliCE\src\main\java\com\norwood\mcheli\aircr
aft\MCH_EntityAircraft.java:907: error: cannot find symbol
                    if (this.getCountOnUpdate() % 2 == 0) {
                            ^
  symbol: method getCountOnUpdate()
C:\Users\marmo\Documents\GitHub\McHeliCE\src\main\java\com\norwood\mcheli\aircr
aft\MCH_EntityAircraft.java:931: error: cannot find symbol
            if (sid == 0 && this.canSwitchCameraPos() && this.getCameraId() > 
0 && this.getCameraId() < this.getAcInfo().cameraPosition.size()) {
                                                             ^
  symbol: method getCameraId()
C:\Users\marmo\Documents\GitHub\McHeliCE\src\main\java\com\norwood\mcheli\aircr
aft\MCH_EntityAircraft.java:931: error: cannot find symbol
            if (sid == 0 && this.canSwitchCameraPos() && this.getCameraId() > 
0 && this.getCameraId() < this.getAcInfo().cameraPosition.size()) {
                                                                               
        ^
  symbol: method getCameraId()
C:\Users\marmo\Documents\GitHub\McHeliCE\src\main\java\com\norwood\mcheli\aircr
aft\MCH_EntityAircraft.java:932: error: cannot find symbol
                return this.getAcInfo().cameraPosition.get(this.getCameraId());
                                                               ^
  symbol: method getCameraId()
C:\Users\marmo\Documents\GitHub\McHeliCE\src\main\java\com\norwood\mcheli\aircr
aft\MCH_EntityAircraft.java:994: error: cannot find symbol
        this.setDespawnCount(nbt.getInteger("AcDespawnCount"));
            ^
  symbol: method setDespawnCount(int)
C:\Users\marmo\Documents\GitHub\McHeliCE\src\main\java\com\norwood\mcheli\aircr
aft\MCH_EntityAircraft.java:996: error: cannot find symbol
        this.setCommonUniqueId(nbt.getString("AircraftUniqueId"));
            ^
  symbol: method setCommonUniqueId(String)
C:\Users\marmo\Documents\GitHub\McHeliCE\src\main\java\com\norwood\mcheli\aircr
aft\MCH_EntityAircraft.java:1016: error: cannot find symbol
        if (this.getDespawnCount() > 0) {
                ^
  symbol: method getDespawnCount()
C:\Users\marmo\Documents\GitHub\McHeliCE\src\main\java\com\norwood\mcheli\aircr
aft\MCH_EntityAircraft.java:1040: error: cannot find symbol
        nbt.setString("AircraftUniqueId", this.getCommonUniqueId());
                                              ^
  symbol: method getCommonUniqueId()
C:\Users\marmo\Documents\GitHub\McHeliCE\src\main\java\com\norwood\mcheli\aircr
aft\MCH_EntityAircraft.java:1045: error: cannot find symbol
        nbt.setInteger("AcDespawnCount", this.getDespawnCount());
                                             ^
  symbol: method getDespawnCount()
C:\Users\marmo\Documents\GitHub\McHeliCE\src\main\java\com\norwood\mcheli\aircr
aft\MCH_EntityAircraft.java:1048: error: cannot find symbol
        nbt.setFloat("AcLastRYaw", this.getLastRiderYaw());
                                       ^
  symbol: method getLastRiderYaw()
C:\Users\marmo\Documents\GitHub\McHeliCE\src\main\java\com\norwood\mcheli\aircr
aft\MCH_EntityAircraft.java:1049: error: cannot find symbol
        nbt.setFloat("AcLastRPitch", this.getLastRiderPitch());
                                         ^
  symbol: method getLastRiderPitch()
C:\Users\marmo\Documents\GitHub\McHeliCE\src\main\java\com\norwood\mcheli\aircr
aft\MCH_EntityAircraft.java:1364: error: cannot find symbol
            pilot.rotationYaw = this.getLastRiderYaw();
                                    ^
  symbol: method getLastRiderYaw()
C:\Users\marmo\Documents\GitHub\McHeliCE\src\main\java\com\norwood\mcheli\aircr
aft\MCH_EntityAircraft.java:1365: error: cannot find symbol
            pilot.rotationPitch = this.getLastRiderPitch();
                                      ^
  symbol: method getLastRiderPitch()
C:\Users\marmo\Documents\GitHub\McHeliCE\src\main\java\com\norwood\mcheli\aircr
aft\MCH_EntityAircraft.java:1375: error: cannot find symbol
        this.setCurrentThrottle(this.getCurrentThrottle() + throttle);
                                    ^
  symbol: method getCurrentThrottle()
C:\Users\marmo\Documents\GitHub\McHeliCE\src\main\java\com\norwood\mcheli\aircr
aft\MCH_EntityAircraft.java:1386: error: cannot find symbol
            return this.getCountOnUpdate() >= 30 && MCH_Lib.getBlockIdY(this, 
3, -2) == 0;
                       ^
  symbol: method getCountOnUpdate()
C:\Users\marmo\Documents\GitHub\McHeliCE\src\main\java\com\norwood\mcheli\aircr
aft\MCH_EntityAircraft.java:1391: error: cannot find symbol
        return this.getCountOnUpdate() >= 30 && MCH_Lib.getBlockIdY(this, 3, 
-2) == 0;
                   ^
  symbol: method getCountOnUpdate()
C:\Users\marmo\Documents\GitHub\McHeliCE\src\main\java\com\norwood\mcheli\aircr
aft\MCH_EntityAircraft.java:1398: error: cannot find symbol
            return this.getCountOnUpdate() >= 30 && MCH_Lib.getBlockIdY(this, 
3, -2) == 0;
                       ^
  symbol: method getCountOnUpdate()
C:\Users\marmo\Documents\GitHub\McHeliCE\src\main\java\com\norwood\mcheli\aircr
aft\MCH_EntityAircraft.java:1750: error: cannot find symbol
        if (this.getCountOnUpdate() < 2) {
                ^
  symbol: method getCountOnUpdate()
C:\Users\marmo\Documents\GitHub\McHeliCE\src\main\java\com\norwood\mcheli\aircr
aft\MCH_EntityAircraft.java:1754: error: cannot find symbol
        this.prevCurrentThrottle = this.getCurrentThrottle();
                                       ^
  symbol: method getCurrentThrottle()
C:\Users\marmo\Documents\GitHub\McHeliCE\src\main\java\com\norwood\mcheli\aircr
aft\MCH_EntityAircraft.java:1779: error: cannot find symbol
        if (this.isDestroyed() && this.getCountOnUpdate() % 20 == 0) {
                                      ^
  symbol: method getCountOnUpdate()
C:\Users\marmo\Documents\GitHub\McHeliCE\src\main\java\com\norwood\mcheli\aircr
aft\MCH_EntityAircraft.java:1803: error: cannot find symbol
        if (!this.world.isRemote && this.isTargetDrone() && 
!this.isDestroyed() && this.getCountOnUpdate() > 20 && !this.canUseFuel()) {
                                                                               
        ^
  symbol: method getCountOnUpdate()
C:\Users\marmo\Documents\GitHub\McHeliCE\src\main\java\com\norwood\mcheli\aircr
aft\MCH_EntityAircraft.java:1810: error: cannot find symbol
        if (this.world.isRemote && this.getAcInfo() != null && this.getHP() <= 
0 && this.getDespawnCount() <= 0) {
                                                                               
         ^
  symbol: method getDespawnCount()
C:\Users\marmo\Documents\GitHub\McHeliCE\src\main\java\com\norwood\mcheli\aircr
aft\MCH_EntityAircraft.java:1815: error: cannot find symbol
        if (!this.world.isRemote && this.getDespawnCount() > 0) {
                                        ^
  symbol: method getDespawnCount()
C:\Users\marmo\Documents\GitHub\McHeliCE\src\main\java\com\norwood\mcheli\aircr
aft\MCH_EntityAircraft.java:1816: error: cannot find symbol
            this.setDespawnCount(this.getDespawnCount() - 1);
                                     ^
  symbol: method getDespawnCount()
C:\Users\marmo\Documents\GitHub\McHeliCE\src\main\java\com\norwood\mcheli\aircr
aft\MCH_EntityAircraft.java:1817: error: cannot find symbol
            if (this.getDespawnCount() <= 1) {
                    ^
  symbol: method getDespawnCount()
C:\Users\marmo\Documents\GitHub\McHeliCE\src\main\java\com\norwood\mcheli\aircr
aft\MCH_EntityAircraft.java:1876: error: cannot find symbol
            this.setTowChainEntity(null);
                ^
  symbol: method setTowChainEntity(<null>)
C:\Users\marmo\Documents\GitHub\McHeliCE\src\main\java\com\norwood\mcheli\aircr
aft\MCH_EntityAircraft.java:1996: error: cannot find symbol
            if (this.getCountOnUpdate() % 10 == 0) {
                    ^
  symbol: method getCountOnUpdate()
C:\Users\marmo\Documents\GitHub\McHeliCE\src\main\java\com\norwood\mcheli\aircr
aft\MCH_EntityAircraft.java:2515: error: cannot find symbol
                    if (this.getCountOnUpdate() % hook.interval() == 0) {
                            ^
  symbol: method getCountOnUpdate()
C:\Users\marmo\Documents\GitHub\McHeliCE\src\main\java\com\norwood\mcheli\aircr
aft\MCH_EntityAircraft.java:2554: error: cannot find symbol
                } else if ((!this.haveHatch() || this.getHatchRotation() > 
89.0F) && this.getCountOnUpdate() % this.getAcInfo().mobDropOption.interval == 
0 && !this.unmountCrew(true)) {
                                                                               
          ^
  symbol: method getCountOnUpdate()
C:\Users\marmo\Documents\GitHub\McHeliCE\src\main\java\com\norwood\mcheli\aircr
aft\MCH_EntityAircraft.java:2658: error: cannot find symbol
        if (!this.world.isRemote && this.waitMountEntity == 0 && 
this.getCountOnUpdate() > 20 && this.canMountWithNearEmptyMinecart()) {
                                                                     ^
  symbol: method getCountOnUpdate()
C:\Users\marmo\Documents\GitHub\McHeliCE\src\main\java\com\norwood\mcheli\aircr
aft\MCH_EntityAircraft.java:2693: error: cannot find symbol
            } else if (this.getCurrentThrottle() > 0.8) {
                           ^
  symbol: method getCurrentThrottle()
C:\Users\marmo\Documents\GitHub\McHeliCE\src\main\java\com\norwood\mcheli\aircr
aft\MCH_EntityAircraft.java:2740: error: cannot find symbol
            if (this.getCountOnUpdate() % 30 == 0 && (this.getAcInfo() == null 
|| !this.getAcInfo().isFloat) && MCH_Lib.isBlockInWater(this.world, (int) 
(this.posX + 0.5), (int) (this.posY + 1.5 + 
this.getAcInfo().submergedDamageHeight), (int) (this.posZ + 0.5))) {
                    ^
  symbol: method getCountOnUpdate()
C:\Users\marmo\Documents\GitHub\McHeliCE\src\main\java\com\norwood\mcheli\aircr
aft\MCH_EntityAircraft.java:2814: error: cannot find symbol
            if (!this.world.isRemote && this.getCountOnUpdate() % 20 == 0) {
                                            ^
  symbol: method getCountOnUpdate()
C:\Users\marmo\Documents\GitHub\McHeliCE\src\main\java\com\norwood\mcheli\aircr
aft\MCH_EntityAircraft.java:2953: error: cannot find symbol
        if (this.world.isRemote || this.getCountOnUpdate() % 10 != 0) return;
                                       ^
  symbol: method getCountOnUpdate()
C:\Users\marmo\Documents\GitHub\McHeliCE\src\main\java\com\norwood\mcheli\aircr
aft\MCH_EntityAircraft.java:3195: error: cannot find symbol
            if (!this.world.isRemote && this.getCountOnUpdate() % 40 == 0) {
                                            ^
  symbol: method getCountOnUpdate()
C:\Users\marmo\Documents\GitHub\McHeliCE\src\main\java\com\norwood\mcheli\aircr
aft\MCH_EntityAircraft.java:3574: error: cannot find symbol
            if (!(this.getCurrentThrottle() <= 0.1F)) {
                      ^
  symbol: method getCurrentThrottle()
C:\Users\marmo\Documents\GitHub\McHeliCE\src\main\java\com\norwood\mcheli\aircr
aft\MCH_EntityAircraft.java:3586: error: cannot find symbol
                                if (this.rand.nextFloat() <= 
this.getCurrentThrottle() * 1.5) {
                                                                 ^
  symbol: method getCurrentThrottle()
C:\Users\marmo\Documents\GitHub\McHeliCE\src\main\java\com\norwood\mcheli\aircr
aft\MCH_EntityAircraft.java:3622: error: cannot find symbol
            double throttle = this.getCurrentThrottle();
                                  ^
  symbol: method getCurrentThrottle()
C:\Users\marmo\Documents\GitHub\McHeliCE\src\main\java\com\norwood\mcheli\aircr
aft\MCH_EntityAircraft.java:4022: error: cannot find symbol
        return this.getLastRiderYaw();
                   ^
  symbol: method getLastRiderYaw()
C:\Users\marmo\Documents\GitHub\McHeliCE\src\main\java\com\norwood\mcheli\aircr
aft\MCH_EntityAircraft.java:4044: error: cannot find symbol
        float curr = this.getLastRiderYaw();
                         ^
  symbol: method getLastRiderYaw()
C:\Users\marmo\Documents\GitHub\McHeliCE\src\main\java\com\norwood\mcheli\aircr
aft\MCH_EntityAircraft.java:4060: error: cannot find symbol
        return this.getLastRiderPitch();
                   ^
  symbol: method getLastRiderPitch()
C:\Users\marmo\Documents\GitHub\McHeliCE\src\main\java\com\norwood\mcheli\aircr
aft\MCH_EntityAircraft.java:4073: error: cannot find symbol
        return this.prevLastRiderPitch + (this.getLastRiderPitch() - 
this.prevLastRiderPitch) * partialTicks;
                                              ^
  symbol: method getLastRiderPitch()
C:\Users\marmo\Documents\GitHub\McHeliCE\src\main\java\com\norwood\mcheli\aircr
aft\MCH_EntityAircraft.java:4126: error: cannot find symbol
        if (this.lastCalcPredictedImpactPointCount != this.getCountOnUpdate()) 
{
                                                          ^
  symbol: method getCountOnUpdate()
C:\Users\marmo\Documents\GitHub\McHeliCE\src\main\java\com\norwood\mcheli\aircr
aft\MCH_EntityAircraft.java:4127: error: cannot find symbol
            this.lastCalcPredictedImpactPointCount = this.getCountOnUpdate();
                                                         ^
  symbol: method getCountOnUpdate()
C:\Users\marmo\Documents\GitHub\McHeliCE\src\main\java\com\norwood\mcheli\aircr
aft\MCH_EntityAircraft.java:4297: error: cannot find symbol
        if (this.isDetachedWeaponAimActive()) {
                ^
  symbol: method isDetachedWeaponAimActive()
C:\Users\marmo\Documents\GitHub\McHeliCE\src\main\java\com\norwood\mcheli\aircr
aft\MCH_EntityAircraft.java:4298: error: cannot find symbol
            return this.getDetachedWeaponAimYaw();
                       ^
  symbol: method getDetachedWeaponAimYaw()
C:\Users\marmo\Documents\GitHub\McHeliCE\src\main\java\com\norwood\mcheli\aircr
aft\MCH_EntityAircraft.java:4303: error: cannot find symbol
        return this.getLastRiderYaw();
                   ^
  symbol: method getLastRiderYaw()
C:\Users\marmo\Documents\GitHub\McHeliCE\src\main\java\com\norwood\mcheli\aircr
aft\MCH_EntityAircraft.java:4360: error: cannot find symbol
                this.setCommonUniqueId(uuid);
                    ^
  symbol: method setCommonUniqueId(String)
C:\Users\marmo\Documents\GitHub\McHeliCE\src\main\java\com\norwood\mcheli\aircr
aft\MCH_EntityAircraft.java:4365: error: cannot find symbol
                    this.seats[i].parentUniqueID = this.getCommonUniqueId();
                                                       ^
  symbol: method getCommonUniqueId()
C:\Users\marmo\Documents\GitHub\McHeliCE\src\main\java\com\norwood\mcheli\aircr
aft\MCH_EntityAircraft.java:4507: error: cannot find symbol
        return !this.getCommonUniqueId().isEmpty();
                    ^
  symbol: method getCommonUniqueId()
C:\Users\marmo\Documents\GitHub\McHeliCE\src\main\java\com\norwood\mcheli\aircr
aft\MCH_EntityAircraft.java:4542: error: cannot find symbol
            if (!seat.isDead && 
seat.parentUniqueID.equals(this.getCommonUniqueId()) && seat.seatID >= 0 && 
seat.seatID < this.getSeatNum() && this.seats[seat.seatID] == null) {
                                                               ^
  symbol: method getCommonUniqueId()
C:\Users\marmo\Documents\GitHub\McHeliCE\src\main\java\com\norwood\mcheli\aircr
aft\MCH_EntityAircraft.java:4575: error: cannot find symbol
            this.setTowChainEntity(null);
                ^
  symbol: method setTowChainEntity(<null>)
C:\Users\marmo\Documents\GitHub\McHeliCE\src\main\java\com\norwood\mcheli\aircr
aft\MCH_EntityAircraft.java:4869: error: cannot find symbol
            if (this.getCurrentThrottle() > 0.3) {
                    ^
  symbol: method getCurrentThrottle()
C:\Users\marmo\Documents\GitHub\McHeliCE\src\main\java\com\norwood\mcheli\aircr
aft\MCH_EntityAircraft.java:5024: error: cannot find symbol
        if (this.getCountOnUpdate() % 10 == 0) {
                ^
  symbol: method getCountOnUpdate()
C:\Users\marmo\Documents\GitHub\McHeliCE\src\main\java\com\norwood\mcheli\aircr
aft\MCH_EntityAircraft.java:5227: error: cannot find symbol
            if (this.getModeSwitchCooldown() > 0) return false;
                    ^
  symbol: method getModeSwitchCooldown()
C:\Users\marmo\Documents\GitHub\McHeliCE\src\main\java\com\norwood\mcheli\aircr
aft\MCH_EntityAircraft.java:5575: error: cannot find symbol
        if (this.lastCalcLandInDistanceCount != this.getCountOnUpdate() && 
(this.world.isRemote || this.getCountOnUpdate() % 5 == 0)) {
                                                    ^
  symbol: method getCountOnUpdate()
C:\Users\marmo\Documents\GitHub\McHeliCE\src\main\java\com\norwood\mcheli\aircr
aft\MCH_EntityAircraft.java:5575: error: cannot find symbol
        if (this.lastCalcLandInDistanceCount != this.getCountOnUpdate() && 
(this.world.isRemote || this.getCountOnUpdate() % 5 == 0)) {
                                                                               
                        ^
  symbol: method getCountOnUpdate()
C:\Users\marmo\Documents\GitHub\McHeliCE\src\main\java\com\norwood\mcheli\aircr
aft\MCH_EntityAircraft.java:5576: error: cannot find symbol
            this.lastCalcLandInDistanceCount = this.getCountOnUpdate();
                                                   ^
  symbol: method getCountOnUpdate()
C:\Users\marmo\Documents\GitHub\McHeliCE\src\main\java\com\norwood\mcheli\aircr
aft\MCH_EntityAircraft.java:5924: error: cannot find symbol
                            w.setTurretYaw(this.getLastRiderYaw() - 
this.getYaw());
                                               ^
  symbol: method getLastRiderYaw()
Note: Recompile with -Xlint:deprecation for details.
Note: Recompile with -Xlint:unchecked for details.
Note: Some input files use or override a deprecated API.
Note: Some input files use unchecked or unsafe operations.
C:\Users\marmo\Documents\GitHub\McHeliCE\src\main\java\com\norwood\mcheli\aircr
aft\MCH_EntityAircraft.java:706: error: cannot find symbol
        if (!this.world.isRemote && getAcInfo() != null && 
getInventory().getSlots() > 0) {
                                                           ^
  symbol:   method getInventory()
  location: class MCH_EntityAircraft
C:\Users\marmo\Documents\GitHub\McHeliCE\src\main\java\com\norwood\mcheli\aircr
aft\MCH_EntityAircraft.java:1062: error: cannot find symbol
            wa_list[i] = this.getWeapon(i).getRestAllAmmoNum() + 
this.getWeapon(i).getAmmo();
                                                                               
   ^
  symbol:   method getAmmo()
  location: class MCH_WeaponSet
C:\Users\marmo\Documents\GitHub\McHeliCE\src\main\java\com\norwood\mcheli\aircr
aft\MCH_EntityAircraft.java:2101: error: cannot find symbol
            AxisAlignedBB box = bb.getBoundingBox();
                                  ^
  symbol:   method getBoundingBox()
  location: variable bb of type MCH_BoundingBox
C:\Users\marmo\Documents\GitHub\McHeliCE\src\main\java\com\norwood\mcheli\aircr
aft\MCH_EntityAircraft.java:2152: error: cannot find symbol
            AxisAlignedBB currentBox = bb.getBoundingBox();
                                         ^
  symbol:   method getBoundingBox()
  location: variable bb of type MCH_BoundingBox
C:\Users\marmo\Documents\GitHub\McHeliCE\src\main\java\com\norwood\mcheli\aircr
aft\MCH_EntityAircraft.java:2272: error: cannot find symbol
            AxisAlignedBB box = this.extraBoundingBox[i].getBoundingBox();
                                                        ^
  symbol:   method getBoundingBox()
  location: class MCH_BoundingBox
C:\Users\marmo\Documents\GitHub\McHeliCE\src\main\java\com\norwood\mcheli\aircr
aft\MCH_EntityAircraft.java:2293: error: cannot find symbol
            collisionBoxes[i] = this.extraBoundingBox[i].getBoundingBox();
                                                        ^
  symbol:   method getBoundingBox()
  location: class MCH_BoundingBox
C:\Users\marmo\Documents\GitHub\McHeliCE\src\main\java\com\norwood\mcheli\aircr
aft\MCH_EntityAircraft.java:2309: error: cannot find symbol
        double throttle = getCurrentThrottle();
                          ^
  symbol:   method getCurrentThrottle()
  location: class MCH_EntityAircraft
C:\Users\marmo\Documents\GitHub\McHeliCE\src\main\java\com\norwood\mcheli\aircr
aft\MCH_EntityAircraft.java:2352: error: cannot find symbol
        double throttle = getCurrentThrottle();
                          ^
  symbol:   method getCurrentThrottle()
  location: class MCH_EntityAircraft
C:\Users\marmo\Documents\GitHub\McHeliCE\src\main\java\com\norwood\mcheli\aircr
aft\MCH_EntityAircraft.java:3009: error: cannot find symbol
        if (getCountOnUpdate() % 20 == 0 && getFuel() > 1 && getThrottle() > 
0.0 && fuelSuppliedCount <= 0) {
            ^
  symbol:   method getCountOnUpdate()
  location: class MCH_EntityAircraft
C:\Users\marmo\Documents\GitHub\McHeliCE\src\main\java\com\norwood\mcheli\aircr
aft\MCH_EntityAircraft.java:3027: error: cannot find symbol
        if (canSupply() && getCountOnUpdate() % 10 == 0 && currentFuel < 
maxFuel) {
                           ^
  symbol:   method getCountOnUpdate()
  location: class MCH_EntityAircraft
C:\Users\marmo\Documents\GitHub\McHeliCE\src\main\java\com\norwood\mcheli\aircr
aft\MCH_EntityAircraft.java:3202: error: cannot find symbol
                            int num = ws.getRestAllAmmoNum() + ws.getAmmo();
                                                                 ^
  symbol:   method getAmmo()
  location: variable ws of type MCH_WeaponSet
C:\Users\marmo\Documents\GitHub\McHeliCE\src\main\java\com\norwood\mcheli\aircr
aft\MCH_EntityAircraft.java:3211: error: cannot find symbol
                                if (num != ws.getRestAllAmmoNum() + 
ws.getAmmo()) {
                                                                      ^
  symbol:   method getAmmo()
  location: variable ws of type MCH_WeaponSet
C:\Users\marmo\Documents\GitHub\McHeliCE\src\main\java\com\norwood\mcheli\aircr
aft\MCH_EntityAircraft.java:3212: error: cannot find symbol
                                    if (ws.getAmmo() <= 0) {
                                          ^
  symbol:   method getAmmo()
  location: variable ws of type MCH_WeaponSet
C:\Users\marmo\Documents\GitHub\McHeliCE\src\main\java\com\norwood\mcheli\aircr
aft\MCH_EntityAircraft.java:3231: error: cannot find symbol
        if (!canSupply() || ws.getRestAllAmmoNum() + ws.getAmmo() >= 
ws.getMaxAmmo())
                                                       ^
  symbol:   method getAmmo()
  location: variable ws of type MCH_WeaponSet
C:\Users\marmo\Documents\GitHub\McHeliCE\src\main\java\com\norwood\mcheli\aircr
aft\MCH_EntityAircraft.java:4082: error: cannot find symbol
        var wsYaw = weaponSet.getYaw();
                             ^
  symbol:   method getYaw()
  location: variable weaponSet of type MCH_WeaponSet
C:\Users\marmo\Documents\GitHub\McHeliCE\src\main\java\com\norwood\mcheli\aircr
aft\MCH_EntityAircraft.java:4094: error: cannot find symbol
        float wsYaw = weaponSet.getPrevYaw() + (weaponSet.getYaw() - 
weaponSet.getPrevYaw()) * partialTicks;
                               ^
  symbol:   method getPrevYaw()
  location: variable weaponSet of type MCH_WeaponSet
C:\Users\marmo\Documents\GitHub\McHeliCE\src\main\java\com\norwood\mcheli\aircr
aft\MCH_EntityAircraft.java:4094: error: cannot find symbol
        float wsYaw = weaponSet.getPrevYaw() + (weaponSet.getYaw() - 
weaponSet.getPrevYaw()) * partialTicks;
                                                         ^
  symbol:   method getYaw()
  location: variable weaponSet of type MCH_WeaponSet
C:\Users\marmo\Documents\GitHub\McHeliCE\src\main\java\com\norwood\mcheli\aircr
aft\MCH_EntityAircraft.java:4094: error: cannot find symbol
        float wsYaw = weaponSet.getPrevYaw() + (weaponSet.getYaw() - 
weaponSet.getPrevYaw()) * partialTicks;
                                                                              ^
  symbol:   method getPrevYaw()
  location: variable weaponSet of type MCH_WeaponSet
C:\Users\marmo\Documents\GitHub\McHeliCE\src\main\java\com\norwood\mcheli\aircr
aft\MCH_EntityAircraft.java:4104: error: cannot find symbol
        return MathHelper.wrapDegrees(this.getPitch() + weaponSet.getPitch() + 
weaponSet.getCurrentWeapon().fixRotationPitch);
                                                                 ^
  symbol:   method getPitch()
  location: variable weaponSet of type MCH_WeaponSet
C:\Users\marmo\Documents\GitHub\McHeliCE\src\main\java\com\norwood\mcheli\aircr
aft\MCH_EntityAircraft.java:4114: error: cannot find symbol
        float wsPitch = weaponSet.getPrevPitch() + (weaponSet.getPitch() - 
weaponSet.getPrevPitch()) * partialTicks;
                                 ^
  symbol:   method getPrevPitch()
  location: variable weaponSet of type MCH_WeaponSet
C:\Users\marmo\Documents\GitHub\McHeliCE\src\main\java\com\norwood\mcheli\aircr
aft\MCH_EntityAircraft.java:4114: error: cannot find symbol
        float wsPitch = weaponSet.getPrevPitch() + (weaponSet.getPitch() - 
weaponSet.getPrevPitch()) * partialTicks;
                                                             ^
  symbol:   method getPitch()
  location: variable weaponSet of type MCH_WeaponSet
C:\Users\marmo\Documents\GitHub\McHeliCE\src\main\java\com\norwood\mcheli\aircr
aft\MCH_EntityAircraft.java:4114: error: cannot find symbol
        float wsPitch = weaponSet.getPrevPitch() + (weaponSet.getPitch() - 
weaponSet.getPrevPitch()) * partialTicks;
                                                                               
     ^
  symbol:   method getPrevPitch()
  location: variable weaponSet of type MCH_WeaponSet
C:\Users\marmo\Documents\GitHub\McHeliCE\src\main\java\com\norwood\mcheli\aircr
aft\MCH_EntityAircraft.java:5467: error: cannot find symbol
                    weaponSetArray[i].setPrevYaw(defYaw);
                                     ^
  symbol:   method setPrevYaw(float)
  location: class MCH_WeaponSet
C:\Users\marmo\Documents\GitHub\McHeliCE\src\main\java\com\norwood\mcheli\aircr
aft\MCH_EntityAircraft.java:5468: error: cannot find symbol
                    weaponSetArray[i].setYaw(defYaw);
                                     ^
  symbol:   method setYaw(float)
  location: class MCH_WeaponSet
C:\Users\marmo\Documents\GitHub\McHeliCE\src\main\java\com\norwood\mcheli\aircr
aft\MCH_EntityAircraft.java:5469: error: cannot find symbol
                    weaponSetArray[i].setDefYaw(defYaw);
                                     ^
  symbol:   method setDefYaw(float)
  location: class MCH_WeaponSet
C:\Users\marmo\Documents\GitHub\McHeliCE\src\main\java\com\norwood\mcheli\aircr
aft\MCH_EntityAircraft.java:5498: error: cannot find symbol
                    new PacketSyncWeapon(getEntityId(this), sid, id, (short) 
ws.getAmmo(), (short) ws.getRestAllAmmoNum(), (short) ws.cooldown, (short) 
ws.reloadCooldown).sendPacketToAllAround(world, posX, posY, posZ, 150);
                                                                               
^
  symbol:   method getAmmo()
  location: variable ws of type MCH_WeaponSet
C:\Users\marmo\Documents\GitHub\McHeliCE\src\main\java\com\norwood\mcheli\aircr
aft\MCH_EntityAircraft.java:5688: error: cannot find symbol
        int lastUsedIndex = currentWs.getCurrentWeaponIndex();
                                     ^
  symbol:   method getCurrentWeaponIndex()
  location: variable currentWs of type MCH_WeaponSet
C:\Users\marmo\Documents\GitHub\McHeliCE\src\main\java\com\norwood\mcheli\aircr
aft\MCH_EntityAircraft.java:5722: error: cannot find symbol
                                    (short) ws.getAmmo(), (short) 
ws.getRestAllAmmoNum(),
                                              ^
  symbol:   method getAmmo()
  location: variable ws of type MCH_WeaponSet
C:\Users\marmo\Documents\GitHub\McHeliCE\src\main\java\com\norwood\mcheli\aircr
aft\MCH_EntityAircraft.java:5899: error: cannot find symbol
                                this.recoilYaw = w.getYaw();
                                                  ^
  symbol:   method getYaw()
  location: variable w of type MCH_WeaponSet
C:\Users\marmo\Documents\GitHub\McHeliCE\src\main\java\com\norwood\mcheli\aircr
aft\MCH_EntityAircraft.java:5904: error: cannot find symbol
                            Vec3d wrv = MCH_Lib.RotVec3(0.0, 0.0, -1.0, 
-w.getYaw() - yaw, -w.getPitch());
                                                                          ^
  symbol:   method getYaw()
  location: variable w of type MCH_WeaponSet
C:\Users\marmo\Documents\GitHub\McHeliCE\src\main\java\com\norwood\mcheli\aircr
aft\MCH_EntityAircraft.java:5904: error: cannot find symbol
                            Vec3d wrv = MCH_Lib.RotVec3(0.0, 0.0, -1.0, 
-w.getYaw() - yaw, -w.getPitch());
                                                                               
              ^
  symbol:   method getPitch()
  location: variable w of type MCH_WeaponSet
C:\Users\marmo\Documents\GitHub\McHeliCE\src\main\java\com\norwood\mcheli\MCH_E
xplosion.java:153: error: method newExplosionInWater(World,Entity,Entity,double
,double,double,float,float,float,boolean,boolean,boolean,boolean,int) is 
already defined in class MCH_Explosion
    public static MCH_Explosion.ExplosionResult newExplosionInWater(
                                                ^
100 errors
	at org.gradle.api.internal.tasks.compile.JdkJavaCompiler.execute(JdkJavaCompil
er.java:89)
	at org.gradle.api.internal.tasks.compile.JdkJavaCompiler.execute(JdkJavaCompil
er.java:50)
	at org.gradle.api.internal.tasks.compile.NormalizingJavaCompiler.delegateAndHa
ndleErrors(NormalizingJavaCompiler.java:98)
	at org.gradle.api.internal.tasks.compile.NormalizingJavaCompiler.execute(Norma
lizingJavaCompiler.java:52)
	at org.gradle.api.internal.tasks.compile.NormalizingJavaCompiler.execute(Norma
lizingJavaCompiler.java:38)
	at org.gradle.api.internal.tasks.compile.AnnotationProcessorDiscoveringCompile
r.execute(AnnotationProcessorDiscoveringCompiler.java:52)
	at org.gradle.api.internal.tasks.compile.AnnotationProcessorDiscoveringCompile
r.execute(AnnotationProcessorDiscoveringCompiler.java:38)
	at org.gradle.api.internal.tasks.compile.ModuleApplicationNameWritingCompiler.
execute(ModuleApplicationNameWritingCompiler.java:46)
	at org.gradle.api.internal.tasks.compile.ModuleApplicationNameWritingCompiler.
execute(ModuleApplicationNameWritingCompiler.java:36)
	at org.gradle.jvm.toolchain.internal.DefaultToolchainJavaCompiler.execute(Defa
ultToolchainJavaCompiler.java:57)
	at org.gradle.api.tasks.compile.JavaCompile.lambda$createToolchainCompiler$3(J
avaCompile.java:206)
	at org.gradle.api.internal.tasks.compile.CleaningJavaCompiler.execute(Cleaning
JavaCompiler.java:53)
	at org.gradle.api.internal.tasks.compile.incremental.IncrementalCompilerFactor
y.lambda$createRebuildAllCompiler$0(IncrementalCompilerFactory.java:55)
	at org.gradle.api.internal.tasks.compile.incremental.SelectiveCompiler.execute
(SelectiveCompiler.java:70)
	at org.gradle.api.internal.tasks.compile.incremental.SelectiveCompiler.execute
(SelectiveCompiler.java:44)
	at org.gradle.api.internal.tasks.compile.incremental.IncrementalResultStoringC
ompiler.execute(IncrementalResultStoringCompiler.java:66)
	at org.gradle.api.internal.tasks.compile.incremental.IncrementalResultStoringC
ompiler.execute(IncrementalResultStoringCompiler.java:52)
	at org.gradle.api.internal.tasks.compile.CompileJavaBuildOperationReportingCom
piler$1.call(CompileJavaBuildOperationReportingCompiler.java:64)
	at org.gradle.api.internal.tasks.compile.CompileJavaBuildOperationReportingCom
piler$1.call(CompileJavaBuildOperationReportingCompiler.java:48)
	at org.gradle.internal.operations.DefaultBuildOperationRunner$CallableBuildOpe
rationWorker.execute(DefaultBuildOperationRunner.java:209)
	at org.gradle.internal.operations.DefaultBuildOperationRunner$CallableBuildOpe
rationWorker.execute(DefaultBuildOperationRunner.java:204)
	at org.gradle.internal.operations.DefaultBuildOperationRunner$2.execute(Defaul
tBuildOperationRunner.java:66)
	at org.gradle.internal.operations.DefaultBuildOperationRunner$2.execute(Defaul
tBuildOperationRunner.java:59)
	at org.gradle.internal.operations.DefaultBuildOperationRunner.execute(DefaultB
uildOperationRunner.java:166)
	at org.gradle.internal.operations.DefaultBuildOperationRunner.execute(DefaultB
uildOperationRunner.java:59)
	at org.gradle.internal.operations.DefaultBuildOperationRunner.call(DefaultBuil
dOperationRunner.java:53)
	at org.gradle.api.internal.tasks.compile.CompileJavaBuildOperationReportingCom
piler.execute(CompileJavaBuildOperationReportingCompiler.java:48)
	at org.gradle.api.tasks.compile.JavaCompile.performCompilation(JavaCompile.jav
a:224)
	at org.gradle.api.tasks.compile.JavaCompile.performIncrementalCompilation(Java
Compile.java:165)
	at org.gradle.api.tasks.compile.JavaCompile.compile(JavaCompile.java:150)
	at org.gradle.internal.reflect.JavaMethod.invoke(JavaMethod.java:125)
	at org.gradle.api.internal.project.taskfactory.IncrementalTaskAction.doExecute
(IncrementalTaskAction.java:45)
	at org.gradle.api.internal.project.taskfactory.StandardTaskAction.execute(Stan
dardTaskAction.java:51)
	at org.gradle.api.internal.project.taskfactory.IncrementalTaskAction.execute(I
ncrementalTaskAction.java:26)
	at org.gradle.api.internal.project.taskfactory.StandardTaskAction.execute(Stan
dardTaskAction.java:29)
	at org.gradle.api.internal.tasks.execution.TaskExecution$3.run(TaskExecution.j
ava:252)
	at org.gradle.internal.operations.DefaultBuildOperationRunner$1.execute(Defaul
tBuildOperationRunner.java:29)
	at org.gradle.internal.operations.DefaultBuildOperationRunner$1.execute(Defaul
tBuildOperationRunner.java:26)
	at org.gradle.internal.operations.DefaultBuildOperationRunner$2.execute(Defaul
tBuildOperationRunner.java:66)
	at org.gradle.internal.operations.DefaultBuildOperationRunner$2.execute(Defaul
tBuildOperationRunner.java:59)
	at org.gradle.internal.operations.DefaultBuildOperationRunner.execute(DefaultB
uildOperationRunner.java:166)
	at org.gradle.internal.operations.DefaultBuildOperationRunner.execute(DefaultB
uildOperationRunner.java:59)
	at org.gradle.internal.operations.DefaultBuildOperationRunner.run(DefaultBuild
OperationRunner.java:47)
	at org.gradle.api.internal.tasks.execution.TaskExecution.executeAction(TaskExe
cution.java:237)
	at org.gradle.api.internal.tasks.execution.TaskExecution.executeActions(TaskEx
ecution.java:220)
	at org.gradle.api.internal.tasks.execution.TaskExecution.executeWithPreviousOu
tputFiles(TaskExecution.java:203)
	at org.gradle.api.internal.tasks.execution.TaskExecution.execute(TaskExecution
.java:170)
	at org.gradle.internal.execution.steps.ExecuteStep.executeInternal(ExecuteStep
.java:105)
	at 
org.gradle.internal.execution.steps.ExecuteStep.access$000(ExecuteStep.java:44)
	at org.gradle.internal.execution.steps.ExecuteStep$1.call(ExecuteStep.java:59)
	at org.gradle.internal.execution.steps.ExecuteStep$1.call(ExecuteStep.java:56)
	at org.gradle.internal.operations.DefaultBuildOperationRunner$CallableBuildOpe
rationWorker.execute(DefaultBuildOperationRunner.java:209)
	at org.gradle.internal.operations.DefaultBuildOperationRunner$CallableBuildOpe
rationWorker.execute(DefaultBuildOperationRunner.java:204)
	at org.gradle.internal.operations.DefaultBuildOperationRunner$2.execute(Defaul
tBuildOperationRunner.java:66)
	at org.gradle.internal.operations.DefaultBuildOperationRunner$2.execute(Defaul
tBuildOperationRunner.java:59)
	at org.gradle.internal.operations.DefaultBuildOperationRunner.execute(DefaultB
uildOperationRunner.java:166)
	at org.gradle.internal.operations.DefaultBuildOperationRunner.execute(DefaultB
uildOperationRunner.java:59)
	at org.gradle.internal.operations.DefaultBuildOperationRunner.call(DefaultBuil
dOperationRunner.java:53)
	at 
org.gradle.internal.execution.steps.ExecuteStep.execute(ExecuteStep.java:56)
	at 
org.gradle.internal.execution.steps.ExecuteStep.execute(ExecuteStep.java:44)
	at org.gradle.internal.execution.steps.CancelExecutionStep.execute(CancelExecu
tionStep.java:42)
	at org.gradle.internal.execution.steps.TimeoutStep.executeWithoutTimeout(Timeo
utStep.java:75)
	at 
org.gradle.internal.execution.steps.TimeoutStep.execute(TimeoutStep.java:55)
	at org.gradle.internal.execution.steps.PreCreateOutputParentsStep.execute(PreC
reateOutputParentsStep.java:50)
	at org.gradle.internal.execution.steps.PreCreateOutputParentsStep.execute(PreC
reateOutputParentsStep.java:28)
	at org.gradle.internal.execution.steps.RemovePreviousOutputsStep.execute(Remov
ePreviousOutputsStep.java:68)
	at org.gradle.internal.execution.steps.RemovePreviousOutputsStep.execute(Remov
ePreviousOutputsStep.java:38)
	at org.gradle.internal.execution.steps.BroadcastChangingOutputsStep.execute(Br
oadcastChangingOutputsStep.java:61)
	at org.gradle.internal.execution.steps.BroadcastChangingOutputsStep.execute(Br
oadcastChangingOutputsStep.java:26)
	at org.gradle.internal.execution.steps.CaptureOutputsAfterExecutionStep.execut
e(CaptureOutputsAfterExecutionStep.java:69)
	at org.gradle.internal.execution.steps.CaptureOutputsAfterExecutionStep.execut
e(CaptureOutputsAfterExecutionStep.java:46)
	at org.gradle.internal.execution.steps.ResolveInputChangesStep.execute(Resolve
InputChangesStep.java:39)
	at org.gradle.internal.execution.steps.ResolveInputChangesStep.execute(Resolve
InputChangesStep.java:28)
	at org.gradle.internal.execution.steps.BuildCacheStep.executeWithoutCache(Buil
dCacheStep.java:189)

Deprecated Gradle features were used in this build, making it incompatible with Gradle 10.

You can use '--warning-mode all' to show the individual deprecation warnings and determine if they come from your own scripts or plugins.

For more on this, please refer to https://docs.gradle.org/9.2.1/userguide/command_line_interface.html#sec:command_line_warnings in the Gradle documentation.
10 actionable tasks: 1 executed, 9 up-to-date
	at org.gradle.internal.execution.steps.BuildCacheStep.lambda$execute$1(BuildCa
cheStep.java:75)
	at org.gradle.internal.Either$Right.fold(Either.java:176)
	at 
org.gradle.internal.execution.caching.CachingState.fold(CachingState.java:62)
	at org.gradle.internal.execution.steps.BuildCacheStep.execute(BuildCacheStep.j
ava:73)
	at org.gradle.internal.execution.steps.BuildCacheStep.execute(BuildCacheStep.j
ava:48)
	at org.gradle.internal.execution.steps.StoreExecutionStateStep.execute(StoreEx
ecutionStateStep.java:46)
	at org.gradle.internal.execution.steps.StoreExecutionStateStep.execute(StoreEx
ecutionStateStep.java:35)
	at org.gradle.internal.execution.steps.SkipUpToDateStep.executeBecause(SkipUpT
oDateStep.java:75)
	at org.gradle.internal.execution.steps.SkipUpToDateStep.lambda$execute$2(SkipU
pToDateStep.java:53)
	at org.gradle.internal.execution.steps.SkipUpToDateStep.execute(SkipUpToDateSt
ep.java:53)
	at org.gradle.internal.execution.steps.SkipUpToDateStep.execute(SkipUpToDateSt
ep.java:35)
	at org.gradle.internal.execution.steps.legacy.MarkSnapshottingInputsFinishedSt
ep.execute(MarkSnapshottingInputsFinishedStep.java:37)
	at org.gradle.internal.execution.steps.legacy.MarkSnapshottingInputsFinishedSt
ep.execute(MarkSnapshottingInputsFinishedStep.java:27)
	at org.gradle.internal.execution.steps.ResolveIncrementalCachingStateStep.exec
uteDelegate(ResolveIncrementalCachingStateStep.java:49)
	at org.gradle.internal.execution.steps.ResolveIncrementalCachingStateStep.exec
uteDelegate(ResolveIncrementalCachingStateStep.java:27)
	at org.gradle.internal.execution.steps.AbstractResolveCachingStateStep.execute
(AbstractResolveCachingStateStep.java:71)
	at org.gradle.internal.execution.steps.AbstractResolveCachingStateStep.execute
(AbstractResolveCachingStateStep.java:39)
	at org.gradle.internal.execution.steps.ResolveChangesStep.execute(ResolveChang
esStep.java:64)
	at org.gradle.internal.execution.steps.ResolveChangesStep.execute(ResolveChang
esStep.java:35)
	at 
org.gradle.internal.execution.steps.ValidateStep.execute(ValidateStep.java:62)
	at 
org.gradle.internal.execution.steps.ValidateStep.execute(ValidateStep.java:40)
	at org.gradle.internal.execution.steps.AbstractCaptureStateBeforeExecutionStep
.execute(AbstractCaptureStateBeforeExecutionStep.java:76)
	at org.gradle.internal.execution.steps.AbstractCaptureStateBeforeExecutionStep
.execute(AbstractCaptureStateBeforeExecutionStep.java:45)
	at org.gradle.internal.execution.steps.AbstractSkipEmptyWorkStep.executeWithNo
nEmptySources(AbstractSkipEmptyWorkStep.java:136)
	at org.gradle.internal.execution.steps.AbstractSkipEmptyWorkStep.execute(Abstr
actSkipEmptyWorkStep.java:66)
	at org.gradle.internal.execution.steps.AbstractSkipEmptyWorkStep.execute(Abstr
actSkipEmptyWorkStep.java:38)
	at org.gradle.internal.execution.steps.legacy.MarkSnapshottingInputsStartedSte
p.execute(MarkSnapshottingInputsStartedStep.java:38)
	at org.gradle.internal.execution.steps.LoadPreviousExecutionStateStep.execute(
LoadPreviousExecutionStateStep.java:36)
	at org.gradle.internal.execution.steps.LoadPreviousExecutionStateStep.execute(
LoadPreviousExecutionStateStep.java:23)
	at org.gradle.internal.execution.steps.HandleStaleOutputsStep.execute(HandleSt
aleOutputsStep.java:75)
	at org.gradle.internal.execution.steps.HandleStaleOutputsStep.execute(HandleSt
aleOutputsStep.java:41)
	at org.gradle.internal.execution.steps.AssignMutableWorkspaceStep.lambda$execu
te$0(AssignMutableWorkspaceStep.java:35)
	at org.gradle.api.internal.tasks.execution.TaskExecution$4.withWorkspace(TaskE
xecution.java:297)
	at org.gradle.internal.execution.steps.AssignMutableWorkspaceStep.execute(Assi
gnMutableWorkspaceStep.java:31)
	at org.gradle.internal.execution.steps.AssignMutableWorkspaceStep.execute(Assi
gnMutableWorkspaceStep.java:22)
	at org.gradle.internal.execution.steps.ChoosePipelineStep.execute(ChoosePipeli
neStep.java:40)
	at org.gradle.internal.execution.steps.ChoosePipelineStep.execute(ChoosePipeli
neStep.java:23)
	at org.gradle.internal.execution.steps.ExecuteWorkBuildOperationFiringStep.lam
bda$execute$2(ExecuteWorkBuildOperationFiringStep.java:67)
	at org.gradle.internal.execution.steps.ExecuteWorkBuildOperationFiringStep.exe
cute(ExecuteWorkBuildOperationFiringStep.java:67)
	at org.gradle.internal.execution.steps.ExecuteWorkBuildOperationFiringStep.exe
cute(ExecuteWorkBuildOperationFiringStep.java:39)
	at org.gradle.internal.execution.steps.IdentityCacheStep.execute(IdentityCache
Step.java:46)
	at org.gradle.internal.execution.steps.IdentityCacheStep.execute(IdentityCache
Step.java:34)
	at 
org.gradle.internal.execution.steps.IdentifyStep.execute(IdentifyStep.java:44)
	at 
org.gradle.internal.execution.steps.IdentifyStep.execute(IdentifyStep.java:31)
	at org.gradle.internal.execution.impl.DefaultExecutionEngine$1.execute(Default
ExecutionEngine.java:64)
	at org.gradle.api.internal.tasks.execution.ExecuteActionsTaskExecuter.executeI
fValid(ExecuteActionsTaskExecuter.java:132)
	... 30 more


BUILD FAILED in 4s
